Component: ARM Compiler 5.06 update 5 (build 528) Tool: armlink [4d35e2]

==============================================================================

Section Cross References

    startup_stm32f103x6.o(RESET) refers to startup_stm32f103x6.o(STACK) for __initial_sp
    startup_stm32f103x6.o(RESET) refers to startup_stm32f103x6.o(.text) for Reset_Handler
    startup_stm32f103x6.o(RESET) refers to stm32f1xx_it.o(i.NMI_Handler) for NMI_Handler
    startup_stm32f103x6.o(RESET) refers to stm32f1xx_it.o(i.HardFault_Handler) for HardFault_Handler
    startup_stm32f103x6.o(RESET) refers to stm32f1xx_it.o(i.MemManage_Handler) for MemManage_Handler
    startup_stm32f103x6.o(RESET) refers to stm32f1xx_it.o(i.BusFault_Handler) for BusFault_Handler
    startup_stm32f103x6.o(RESET) refers to stm32f1xx_it.o(i.UsageFault_Handler) for UsageFault_Handler
    startup_stm32f103x6.o(RESET) refers to stm32f1xx_it.o(i.SVC_Handler) for SVC_Handler
    startup_stm32f103x6.o(RESET) refers to stm32f1xx_it.o(i.DebugMon_Handler) for DebugMon_Handler
    startup_stm32f103x6.o(RESET) refers to stm32f1xx_it.o(i.PendSV_Handler) for PendSV_Handler
    startup_stm32f103x6.o(RESET) refers to stm32f1xx_it.o(i.SysTick_Handler) for SysTick_Handler
    startup_stm32f103x6.o(RESET) refers to stm32f1xx_it.o(i.EXTI0_IRQHandler) for EXTI0_IRQHandler
    startup_stm32f103x6.o(RESET) refers to stm32f1xx_it.o(i.EXTI1_IRQHandler) for EXTI1_IRQHandler
    startup_stm32f103x6.o(RESET) refers to stm32f1xx_it.o(i.DMA1_Channel2_IRQHandler) for DMA1_Channel2_IRQHandler
    startup_stm32f103x6.o(RESET) refers to stm32f1xx_it.o(i.DMA1_Channel3_IRQHandler) for DMA1_Channel3_IRQHandler
    startup_stm32f103x6.o(.text) refers to system_stm32f1xx.o(i.SystemInit) for SystemInit
    startup_stm32f103x6.o(.text) refers to entry.o(.ARM.Collect$$$$00000000) for __main
    sx1276regs.o(i.SPI_dma_request_read_write) refers to sx1276regs.o(i.LL_GPIO_ResetOutputPin) for LL_GPIO_ResetOutputPin
    sx1276regs.o(i.SPI_dma_request_read_write) refers to sx1276regs.o(i.LL_GPIO_SetOutputPin) for LL_GPIO_SetOutputPin
    sx1276regs.o(i.SPI_dma_request_read_write) refers to sx1276regs.o(.data) for rwqueue_wrptr
    sx1276regs.o(i.SPI_dma_request_read_write) refers to sx1276regs.o(.bss) for rwqueue
    sx1276regs.o(i.SX1276_77_78_79_FSK_Init) refers to fmul.o(.text) for __aeabi_fmul
    sx1276regs.o(i.SX1276_77_78_79_FSK_Init) refers to ffixui.o(.text) for __aeabi_f2uiz
    sx1276regs.o(i.SX1276_77_78_79_FSK_Init) refers to ffltui.o(.text) for __aeabi_ui2f
    sx1276regs.o(i.SX1276_77_78_79_FSK_Init) refers to fdiv.o(.text) for __aeabi_fdiv
    sx1276regs.o(i.SX1276_77_78_79_FSK_Init) refers to sx1276regs.o(i.writeRegOpMode) for writeRegOpMode
    sx1276regs.o(i.SX1276_77_78_79_FSK_Init) refers to sx1276regs.o(i.writeRegBitrateMsb) for writeRegBitrateMsb
    sx1276regs.o(i.SX1276_77_78_79_FSK_Init) refers to sx1276regs.o(i.writeRegBitrateLsb) for writeRegBitrateLsb
    sx1276regs.o(i.SX1276_77_78_79_FSK_Init) refers to sx1276regs.o(i.writeRegFdevMsb) for writeRegFdevMsb
    sx1276regs.o(i.SX1276_77_78_79_FSK_Init) refers to sx1276regs.o(i.writeRegFdevLsb) for writeRegFdevLsb
    sx1276regs.o(i.SX1276_77_78_79_FSK_Init) refers to sx1276regs.o(i.writeRegFrfMsb) for writeRegFrfMsb
    sx1276regs.o(i.SX1276_77_78_79_FSK_Init) refers to sx1276regs.o(i.writeRegFrfMid) for writeRegFrfMid
    sx1276regs.o(i.SX1276_77_78_79_FSK_Init) refers to sx1276regs.o(i.writeRegFrfLsb) for writeRegFrfLsb
    sx1276regs.o(i.SX1276_77_78_79_FSK_Init) refers to sx1276regs.o(i.writeRegPaConfig) for writeRegPaConfig
    sx1276regs.o(i.SX1276_77_78_79_FSK_Init) refers to sx1276regs.o(i.writeRegPaRamp) for writeRegPaRamp
    sx1276regs.o(i.SX1276_77_78_79_FSK_Init) refers to sx1276regs.o(i.writeRegOcp) for writeRegOcp
    sx1276regs.o(i.SX1276_77_78_79_FSK_Init) refers to sx1276regs.o(i.writeRegRxConfig) for writeRegRxConfig
    sx1276regs.o(i.SX1276_77_78_79_FSK_Init) refers to sx1276regs.o(i.writeRegLna) for writeRegLna
    sx1276regs.o(i.SX1276_77_78_79_FSK_Init) refers to sx1276regs.o(i.writeRegRssiConfig) for writeRegRssiConfig
    sx1276regs.o(i.SX1276_77_78_79_FSK_Init) refers to sx1276regs.o(i.writeRegRssiCollision) for writeRegRssiCollision
    sx1276regs.o(i.SX1276_77_78_79_FSK_Init) refers to sx1276regs.o(i.writeRegRssiThreshold) for writeRegRssiThreshold
    sx1276regs.o(i.SX1276_77_78_79_FSK_Init) refers to sx1276regs.o(i.writeRegRxBw) for writeRegRxBw
    sx1276regs.o(i.SX1276_77_78_79_FSK_Init) refers to sx1276regs.o(i.writeRegAfcBw) for writeRegAfcBw
    sx1276regs.o(i.SX1276_77_78_79_FSK_Init) refers to sx1276regs.o(i.writeRegOokPeak) for writeRegOokPeak
    sx1276regs.o(i.SX1276_77_78_79_FSK_Init) refers to sx1276regs.o(i.writeRegOokFix) for writeRegOokFix
    sx1276regs.o(i.SX1276_77_78_79_FSK_Init) refers to sx1276regs.o(i.writeRegOokAvg) for writeRegOokAvg
    sx1276regs.o(i.SX1276_77_78_79_FSK_Init) refers to sx1276regs.o(i.writeRegAfcFei) for writeRegAfcFei
[...]
    Removing sx1276regs.o(i.SX1276_77_78_79_writeIrqFlags_1_2Callback), (2 bytes).
    Removing sx1276regs.o(i.SX1276_77_78_79_writeLoRaIrqFlags_L), (48 bytes).
    Removing sx1276regs.o(i.SX1276_77_78_79_writeLoRaIrqFlags_L_Callback), (2 bytes).
    Removing sx1276regs.o(i.SX1276_77_78_79_writeNodeAndBroadcastAddress), (52 bytes).
    Removing sx1276regs.o(i.SX1276_77_78_79_writeNodeAndBroadcastAddressCallback), (2 bytes).
    Removing sx1276regs.o(i.SX1276_77_78_79_writeOpModeCallback), (2 bytes).
    Removing sx1276regs.o(i.SX1276_77_78_79_writePayloadLength), (48 bytes).
    Removing sx1276regs.o(i.SX1276_77_78_79_writePayloadLengthCallback), (2 bytes).
    Removing sx1276regs.o(i.handleRequestFromSPI), (664 bytes).
    Removing sx1276regs.o(i.readLoRaRegDetectOptimize), (16 bytes).
    Removing sx1276regs.o(i.readLoRaRegDetectionThreshold), (16 bytes).
    Removing sx1276regs.o(i.readLoRaRegFifoAddrPtr), (16 bytes).
    Removing sx1276regs.o(i.readLoRaRegFifoRxBaseAddr), (16 bytes).
    Removing sx1276regs.o(i.readLoRaRegFifoRxCurrentAddr), (16 bytes).
    Removing sx1276regs.o(i.readLoRaRegFifoTxBaseAddr), (16 bytes).
    Removing sx1276regs.o(i.readLoRaRegFreqHoppingPeriod), (16 bytes).
    Removing sx1276regs.o(i.readLoRaRegHighBWOptimize1), (16 bytes).
    Removing sx1276regs.o(i.readLoRaRegHighBWOptimize2), (16 bytes).
    Removing sx1276regs.o(i.readLoRaRegInvertIQ), (16 bytes).
    Removing sx1276regs.o(i.readLoRaRegInvertIQ2), (16 bytes).
    Removing sx1276regs.o(i.readLoRaRegIrqFlagsMask), (16 bytes).
    Removing sx1276regs.o(i.readLoRaRegLfFreq1), (16 bytes).
    Removing sx1276regs.o(i.readLoRaRegLfFreq2), (16 bytes).
    Removing sx1276regs.o(i.readLoRaRegModemConfig1), (16 bytes).
    Removing sx1276regs.o(i.readLoRaRegModemConfig2), (16 bytes).
    Removing sx1276regs.o(i.readLoRaRegModemConfig3), (16 bytes).
    Removing sx1276regs.o(i.readLoRaRegPayloadLength), (16 bytes).
    Removing sx1276regs.o(i.readLoRaRegPayloadMaxLength), (16 bytes).
    Removing sx1276regs.o(i.readLoRaRegPreambleLengthLsb), (16 bytes).
    Removing sx1276regs.o(i.readLoRaRegPreambleLengthMsb), (16 bytes).
    Removing sx1276regs.o(i.readLoRaRegSymbolTimeoutLsb), (16 bytes).
    Removing sx1276regs.o(i.readLoRaRegSyncWord), (16 bytes).
    Removing sx1276regs.o(i.readRegAfcBw), (16 bytes).
    Removing sx1276regs.o(i.readRegAfcFei), (16 bytes).
    Removing sx1276regs.o(i.readRegAfcLsb), (16 bytes).
    Removing sx1276regs.o(i.readRegAfcMsb), (16 bytes).
    Removing sx1276regs.o(i.readRegAgcRefLf), (16 bytes).
    Removing sx1276regs.o(i.readRegAgcThresh1Lf), (16 bytes).
    Removing sx1276regs.o(i.readRegAgcThresh2Lf), (16 bytes).
    Removing sx1276regs.o(i.readRegAgcThresh3Lf), (16 bytes).
    Removing sx1276regs.o(i.readRegBitrateFrac), (16 bytes).
    Removing sx1276regs.o(i.readRegBitrateLsb), (16 bytes).
    Removing sx1276regs.o(i.readRegBitrateMsb), (16 bytes).
    Removing sx1276regs.o(i.readRegBroadcastAdrs), (16 bytes).
    Removing sx1276regs.o(i.readRegDioMapping1), (16 bytes).
    Removing sx1276regs.o(i.readRegDioMapping2), (16 bytes).
    Removing sx1276regs.o(i.readRegFdevLsb), (16 bytes).
    Removing sx1276regs.o(i.readRegFdevMsb), (16 bytes).
    Removing sx1276regs.o(i.readRegFeiLsb), (16 bytes).
    Removing sx1276regs.o(i.readRegFeiMsb), (16 bytes).
    Removing sx1276regs.o(i.readRegFifoThresh), (16 bytes).
    Removing sx1276regs.o(i.readRegFrfLsb), (16 bytes).
    Removing sx1276regs.o(i.readRegFrfMid), (16 bytes).
    Removing sx1276regs.o(i.readRegFrfMsb), (16 bytes).
    Removing sx1276regs.o(i.readRegImageCal), (16 bytes).
    Removing sx1276regs.o(i.readRegIrqFlags1), (16 bytes).
    Removing sx1276regs.o(i.readRegIrqFlags2), (16 bytes).
    Removing sx1276regs.o(i.readRegLna), (16 bytes).
    Removing sx1276regs.o(i.readRegLowBat), (16 bytes).
    Removing sx1276regs.o(i.readRegNodeAdrs), (16 bytes).
    Removing sx1276regs.o(i.readRegOcp), (16 bytes).
    Removing sx1276regs.o(i.readRegOokAvg), (16 bytes).
    Removing sx1276regs.o(i.readRegOokFix), (16 bytes).
    Removing sx1276regs.o(i.readRegOokPeak), (16 bytes).
    Removing sx1276regs.o(i.readRegOsc), (16 bytes).
    Removing sx1276regs.o(i.readRegPaConfig), (16 bytes).
    Removing sx1276regs.o(i.readRegPaRamp), (16 bytes).
    Removing sx1276regs.o(i.readRegPacketConfig1), (16 bytes).
    Removing sx1276regs.o(i.readRegPacketConfig2), (16 bytes).
    Removing sx1276regs.o(i.readRegPayloadLength), (16 bytes).
    Removing sx1276regs.o(i.readRegPllHop), (16 bytes).
    Removing sx1276regs.o(i.readRegPllLf), (16 bytes).
    Removing sx1276regs.o(i.readRegPreambleDetect), (16 bytes).
    Removing sx1276regs.o(i.readRegPreambleLsb), (16 bytes).
    Removing sx1276regs.o(i.readRegPreambleMsb), (16 bytes).
    Removing sx1276regs.o(i.readRegRssiCollision), (16 bytes).
    Removing sx1276regs.o(i.readRegRssiConfig), (16 bytes).
    Removing sx1276regs.o(i.readRegRssiThreshold), (16 bytes).
    Removing sx1276regs.o(i.readRegRssiValue), (16 bytes).
    Removing sx1276regs.o(i.readRegRxBw), (16 bytes).
    Removing sx1276regs.o(i.readRegRxConfig), (16 bytes).
    Removing sx1276regs.o(i.readRegRxDelay), (16 bytes).
    Removing sx1276regs.o(i.readRegRxTimeout1), (16 bytes).
    Removing sx1276regs.o(i.readRegRxTimeout2), (16 bytes).
    Removing sx1276regs.o(i.readRegRxTimeout3), (16 bytes).
    Removing sx1276regs.o(i.readRegSeqConfig1), (16 bytes).
    Removing sx1276regs.o(i.readRegSeqConfig2), (16 bytes).
    Removing sx1276regs.o(i.readRegSyncConfig), (16 bytes).
    Removing sx1276regs.o(i.readRegSyncValue1), (16 bytes).
    Removing sx1276regs.o(i.readRegSyncValue2), (16 bytes).
    Removing sx1276regs.o(i.readRegSyncValue3), (16 bytes).
    Removing sx1276regs.o(i.readRegSyncValue4), (16 bytes).
    Removing sx1276regs.o(i.readRegSyncValue5), (16 bytes).
    Removing sx1276regs.o(i.readRegSyncValue6), (16 bytes).
    Removing sx1276regs.o(i.readRegSyncValue7), (16 bytes).
    Removing sx1276regs.o(i.readRegSyncValue8), (16 bytes).
    Removing sx1276regs.o(i.readRegTcxo), (16 bytes).
    Removing sx1276regs.o(i.readRegTemp), (16 bytes).
    Removing sx1276regs.o(i.readRegTimer1Coef), (16 bytes).
    Removing sx1276regs.o(i.readRegTimer2Coef), (16 bytes).
    Removing sx1276regs.o(i.readRegTimerResol), (16 bytes).
    Removing sx1276regs.o(i.readRegVersion), (16 bytes).
    Removing sx1276regs.o(i.readwriteRegPaDac), (16 bytes).
    Removing sx1276regs.o(i.writeLoRaRegHighBWOptimize2), (34 bytes).
    Removing sx1276regs.o(i.writeLoRaRegInvertIQ), (34 bytes).
    Removing sx1276regs.o(i.writeLoRaRegInvertIQ2), (34 bytes).
    Removing sx1276regs.o(i.writeRegAgcRefLf), (34 bytes).
    Removing sx1276regs.o(i.writeRegAgcThresh1Lf), (34 bytes).
    Removing sx1276regs.o(i.writeRegAgcThresh2Lf), (34 bytes).
    Removing sx1276regs.o(i.writeRegAgcThresh3Lf), (34 bytes).
    Removing sx1276regs.o(i.writeRegBitrateFrac), (34 bytes).
    Removing sx1276regs.o(i.writeRegBitrateLsb), (34 bytes).
    Removing sx1276regs.o(i.writeRegBitrateMsb), (34 bytes).
    Removing sx1276regs.o(i.writeRegFdevLsb), (34 bytes).
    Removing sx1276regs.o(i.writeRegFdevMsb), (34 bytes).
    Removing sx1276regs.o(i.writeRegIrqFlags1), (36 bytes).
    Removing sx1276regs.o(i.writeRegIrqFlags2), (36 bytes).
    Removing sx1276regs.o(i.writeRegPaDac), (34 bytes).
    Removing sx1276regs.o(i.writeRegPllHop), (34 bytes).
    Removing sx1276regs.o(i.writeRegPllLf), (34 bytes).
    Removing sx1276regs.o(i.writeRegRssiValue), (34 bytes).
    Removing sx1276regs.o(i.writeRegTcxo), (34 bytes).
    Removing sx1276regs.o(.constdata), (7 bytes).
    Removing main.o(.rev16_text), (4 bytes).
    Removing main.o(.revsh_text), (4 bytes).
    Removing main.o(.rrx_text), (6 bytes).
    Removing main.o(.constdata), (7 bytes).
    Removing gpio.o(.rev16_text), (4 bytes).
    Removing gpio.o(.revsh_text), (4 bytes).
    Removing gpio.o(.rrx_text), (6 bytes).
    Removing gpio.o(.constdata), (7 bytes).
    Removing dma.o(.rev16_text), (4 bytes).
    Removing dma.o(.revsh_text), (4 bytes).
    Removing dma.o(.rrx_text), (6 bytes).
    Removing spi.o(.rev16_text), (4 bytes).
    Removing spi.o(.revsh_text), (4 bytes).
    Removing spi.o(.rrx_text), (6 bytes).
    Removing stm32f1xx_it.o(.rev16_text), (4 bytes).
    Removing stm32f1xx_it.o(.revsh_text), (4 bytes).
    Removing stm32f1xx_it.o(.rrx_text), (6 bytes).
    Removing stm32f1xx_ll_gpio.o(.rev16_text), (4 bytes).
    Removing stm32f1xx_ll_gpio.o(.revsh_text), (4 bytes).
    Removing stm32f1xx_ll_gpio.o(.rrx_text), (6 bytes).
    Removing stm32f1xx_ll_gpio.o(i.LL_APB2_GRP1_ForceReset), (16 bytes).
    Removing stm32f1xx_ll_gpio.o(i.LL_APB2_GRP1_ReleaseReset), (16 bytes).
    Removing stm32f1xx_ll_gpio.o(i.LL_GPIO_DeInit), (108 bytes).
    Removing stm32f1xx_ll_gpio.o(i.LL_GPIO_StructInit), (24 bytes).
    Removing stm32f1xx_ll_dma.o(.rev16_text), (4 bytes).
    Removing stm32f1xx_ll_dma.o(.revsh_text), (4 bytes).
    Removing stm32f1xx_ll_dma.o(.rrx_text), (6 bytes).
    Removing stm32f1xx_ll_dma.o(i.LL_DMA_DeInit), (252 bytes).
    Removing stm32f1xx_ll_dma.o(i.LL_DMA_Init), (120 bytes).
    Removing stm32f1xx_ll_dma.o(i.LL_DMA_StructInit), (24 bytes).
    Removing stm32f1xx_ll_dma.o(.constdata), (7 bytes).
    Removing stm32f1xx_ll_spi.o(.rev16_text), (4 bytes).
    Removing stm32f1xx_ll_spi.o(.revsh_text), (4 bytes).
    Removing stm32f1xx_ll_spi.o(.rrx_text), (6 bytes).
    Removing stm32f1xx_ll_spi.o(i.LL_SPI_DeInit), (52 bytes).
    Removing stm32f1xx_ll_spi.o(i.LL_SPI_StructInit), (26 bytes).
    Removing stm32f1xx_ll_rcc.o(.rev16_text), (4 bytes).
    Removing stm32f1xx_ll_rcc.o(.revsh_text), (4 bytes).
    Removing stm32f1xx_ll_rcc.o(.rrx_text), (6 bytes).
    Removing stm32f1xx_ll_rcc.o(i.LL_RCC_DeInit), (152 bytes).
    Removing stm32f1xx_ll_rcc.o(i.LL_RCC_GetADCClockFreq), (68 bytes).
    Removing stm32f1xx_ll_rcc.o(i.LL_RCC_GetSystemClocksFreq), (36 bytes).
    Removing stm32f1xx_ll_rcc.o(i.LL_RCC_GetUSBClockFreq), (68 bytes).
    Removing stm32f1xx_ll_rcc.o(i.LL_RCC_PLL_IsReady), (16 bytes).
    Removing stm32f1xx_ll_rcc.o(i.RCC_GetHCLKClockFreq), (32 bytes).
    Removing stm32f1xx_ll_rcc.o(i.RCC_GetPCLK1ClockFreq), (36 bytes).
    Removing stm32f1xx_ll_rcc.o(i.RCC_GetPCLK2ClockFreq), (36 bytes).
    Removing stm32f1xx_ll_rcc.o(i.RCC_GetSystemClockFreq), (60 bytes).
    Removing stm32f1xx_ll_rcc.o(i.RCC_PLL_GetFreqDomain_SYS), (88 bytes).
    Removing stm32f1xx_ll_utils.o(.rev16_text), (4 bytes).
    Removing stm32f1xx_ll_utils.o(.revsh_text), (4 bytes).
    Removing stm32f1xx_ll_utils.o(.rrx_text), (6 bytes).
    Removing stm32f1xx_ll_utils.o(i.LL_PLL_ConfigSystemClock_HSE), (70 bytes).
    Removing stm32f1xx_ll_utils.o(i.LL_PLL_ConfigSystemClock_HSI), (104 bytes).
    Removing stm32f1xx_ll_utils.o(i.LL_RCC_HSE_IsReady), (16 bytes).
    Removing stm32f1xx_ll_utils.o(i.LL_RCC_HSI_IsReady), (16 bytes).
    Removing stm32f1xx_ll_utils.o(i.LL_RCC_PLL_ConfigDomain_SYS), (28 bytes).
    Removing stm32f1xx_ll_utils.o(i.LL_RCC_PLL_IsReady), (16 bytes).
    Removing stm32f1xx_ll_utils.o(i.LL_SetFlashLatency), (108 bytes).
    Removing stm32f1xx_ll_utils.o(i.UTILS_EnablePLLAndSwitchSystem), (216 bytes).
    Removing stm32f1xx_ll_utils.o(i.UTILS_GetPLLOutputFrequency), (32 bytes).
    Removing stm32f1xx_ll_utils.o(i.UTILS_PLL_HSE_ConfigSystemClock), (108 bytes).
    Removing stm32f1xx_ll_utils.o(i.UTILS_PLL_IsBusy), (16 bytes).
    Removing stm32f1xx_ll_exti.o(.rev16_text), (4 bytes).
    Removing stm32f1xx_ll_exti.o(.revsh_text), (4 bytes).
    Removing stm32f1xx_ll_exti.o(.rrx_text), (6 bytes).
    Removing stm32f1xx_ll_exti.o(i.LL_EXTI_DeInit), (40 bytes).
    Removing stm32f1xx_ll_exti.o(i.LL_EXTI_StructInit), (14 bytes).
    Removing stm32f1xx_ll_pwr.o(.rev16_text), (4 bytes).
    Removing stm32f1xx_ll_pwr.o(.revsh_text), (4 bytes).
    Removing stm32f1xx_ll_pwr.o(.rrx_text), (6 bytes).
    Removing stm32f1xx_ll_pwr.o(i.LL_PWR_DeInit), (36 bytes).
    Removing system_stm32f1xx.o(.rev16_text), (4 bytes).
    Removing system_stm32f1xx.o(.revsh_text), (4 bytes).
    Removing system_stm32f1xx.o(.rrx_text), (6 bytes).
    Removing system_stm32f1xx.o(i.SystemCoreClockUpdate), (164 bytes).
    Removing system_stm32f1xx.o(.constdata), (24 bytes).
    Removing dadd.o(.text), (334 bytes).
    Removing dmul.o(.text), (228 bytes).
    Removing ddiv.o(.text), (222 bytes).
    Removing dfixul.o(.text), (48 bytes).
    Removing cdrcmple.o(.text), (48 bytes).
    Removing depilogue.o(.text), (186 bytes).

245 unused section(s) (total 9146 bytes) removed from the image.

==============================================================================

Image Symbol Table

    Local Symbols

    Symbol Name                              Value     Ov Type        Size  Object(Section)

    ../Drivers/STM32F1xx_HAL_Driver/Src/stm32f1xx_ll_dma.c 0x00000000   Number         0  stm32f1xx_ll_dma.o ABSOLUTE
    ../Drivers/STM32F1xx_HAL_Driver/Src/stm32f1xx_ll_exti.c 0x00000000   Number         0  stm32f1xx_ll_exti.o ABSOLUTE
    ../Drivers/STM32F1xx_HAL_Driver/Src/stm32f1xx_ll_gpio.c 0x00000000   Number         0  stm32f1xx_ll_gpio.o ABSOLUTE
    ../Drivers/STM32F1xx_HAL_Driver/Src/stm32f1xx_ll_pwr.c 0x00000000   Number         0  stm32f1xx_ll_pwr.o ABSOLUTE
    ../Drivers/STM32F1xx_HAL_Driver/Src/stm32f1xx_ll_rcc.c 0x00000000   Number         0  stm32f1xx_ll_rcc.o ABSOLUTE
    ../Drivers/STM32F1xx_HAL_Driver/Src/stm32f1xx_ll_spi.c 0x00000000   Number         0  stm32f1xx_ll_spi.o ABSOLUTE
    ../Drivers/STM32F1xx_HAL_Driver/Src/stm32f1xx_ll_utils.c 0x00000000   Number         0  stm32f1xx_ll_utils.o ABSOLUTE
    ../Src/dma.c                             0x00000000   Number         0  dma.o ABSOLUTE
    ../Src/gpio.c                            0x00000000   Number         0  gpio.o ABSOLUTE
    ../Src/main.c                            0x00000000   Number         0  main.o ABSOLUTE
    ../Src/spi.c                             0x00000000   Number         0  spi.o ABSOLUTE
    ../Src/stm32f1xx_it.c                    0x00000000   Number         0  stm32f1xx_it.o ABSOLUTE
    ../Src/system_stm32f1xx.c                0x00000000   Number         0  system_stm32f1xx.o ABSOLUTE
    ../clib/microlib/division.c              0x00000000   Number         0  uldiv.o ABSOLUTE
    ../clib/microlib/division.c              0x00000000   Number         0  uidiv.o ABSOLUTE
    ../clib/microlib/init/entry.s            0x00000000   Number         0  entry8b.o ABSOLUTE
    ../clib/microlib/init/entry.s            0x00000000   Number         0  entry8a.o ABSOLUTE
    ../clib/microlib/init/entry.s            0x00000000   Number         0  entry7b.o ABSOLUTE
    ../clib/microlib/init/entry.s            0x00000000   Number         0  entry7a.o ABSOLUTE
    ../clib/microlib/init/entry.s            0x00000000   Number         0  entry2.o ABSOLUTE
    ../clib/microlib/init/entry.s            0x00000000   Number         0  entry.o ABSOLUTE
    ../clib/microlib/init/entry.s            0x00000000   Number         0  entry11b.o ABSOLUTE
    ../clib/microlib/init/entry.s            0x00000000   Number         0  entry11a.o ABSOLUTE
    ../clib/microlib/init/entry.s            0x00000000   Number         0  entry10b.o ABSOLUTE
    ../clib/microlib/init/entry.s            0x00000000   Number         0  entry5.o ABSOLUTE
    ../clib/microlib/init/entry.s            0x00000000   Number         0  entry10a.o ABSOLUTE
    ../clib/microlib/init/entry.s            0x00000000   Number         0  entry9b.o ABSOLUTE
    ../clib/microlib/init/entry.s            0x00000000   Number         0  entry9a.o ABSOLUTE
    ../clib/microlib/longlong.c              0x00000000   Number         0  llushr.o ABSOLUTE
    ../clib/microlib/longlong.c              0x00000000   Number         0  llsshr.o ABSOLUTE
    ../clib/microlib/longlong.c              0x00000000   Number         0  llshl.o ABSOLUTE
    ../clib/microlib/printf/printf.c         0x00000000   Number         0  printfa.o ABSOLUTE
    ../clib/microlib/printf/printf.c         0x00000000   Number         0  printf8.o ABSOLUTE
    ../clib/microlib/printf/printf.c         0x00000000   Number         0  printf7.o ABSOLUTE
    ../clib/microlib/printf/printf.c         0x00000000   Number         0  printf6.o ABSOLUTE
    ../clib/microlib/printf/printf.c         0x00000000   Number         0  printf5.o ABSOLUTE
    ../clib/microlib/printf/printf.c         0x00000000   Number         0  printfb.o ABSOLUTE
    ../clib/microlib/printf/printf.c         0x00000000   Number         0  printf0.o ABSOLUTE
    ../clib/microlib/printf/printf.c         0x00000000   Number         0  printf1.o ABSOLUTE
    ../clib/microlib/printf/printf.c         0x00000000   Number         0  printf4.o ABSOLUTE
    ../clib/microlib/printf/printf.c         0x00000000   Number         0  printf2.o ABSOLUTE
    ../clib/microlib/printf/printf.c         0x00000000   Number         0  printf3.o ABSOLUTE
    ../clib/microlib/string/memcpy.c         0x00000000   Number         0  memcpyb.o ABSOLUTE
    ../clib/microlib/string/memcpy.c         0x00000000   Number         0  memcpya.o ABSOLUTE
    ../clib/microlib/string/memset.c         0x00000000   Number         0  memseta.o ABSOLUTE
    ../clib/microlib/stubs.s                 0x00000000   Number         0  iusefp.o ABSOLUTE
    ../fplib/microlib/fpadd.c                0x00000000   Number         0  dadd.o ABSOLUTE
    ../fplib/microlib/fpdiv.c                0x00000000   Number         0  ddiv.o ABSOLUTE
    ../fplib/microlib/fpdiv.c                0x00000000   Number         0  fdiv.o ABSOLUTE
    ../fplib/microlib/fpepilogue.c           0x00000000   Number         0  depilogue.o ABSOLUTE
    ../fplib/microlib/fpepilogue.c           0x00000000   Number         0  fepilogue.o ABSOLUTE
    ../fplib/microlib/fpfix.c                0x00000000   Number         0  ffixui.o ABSOLUTE
    ../fplib/microlib/fpfix.c                0x00000000   Number         0  dfixul.o ABSOLUTE
    ../fplib/microlib/fpflt.c                0x00000000   Number         0  ffltui.o ABSOLUTE
    ../fplib/microlib/fpmul.c                0x00000000   Number         0  dmul.o ABSOLUTE
    ../fplib/microlib/fpmul.c                0x00000000   Number         0  fmul.o ABSOLUTE
    ..\Drivers\STM32F1xx_HAL_Driver\Src\stm32f1xx_ll_dma.c 0x00000000   Number         0  stm32f1xx_ll_dma.o ABSOLUTE
    ..\Drivers\STM32F1xx_HAL_Driver\Src\stm32f1xx_ll_exti.c 0x00000000   Number         0  stm32f1xx_ll_exti.o ABSOLUTE
    ..\Drivers\STM32F1xx_HAL_Driver\Src\stm32f1xx_ll_gpio.c 0x00000000   Number         0  stm32f1xx_ll_gpio.o ABSOLUTE
    ..\Drivers\STM32F1xx_HAL_Driver\Src\stm32f1xx_ll_pwr.c 0x00000000   Number         0  stm32f1xx_ll_pwr.o ABSOLUTE
    ..\Drivers\STM32F1xx_HAL_Driver\Src\stm32f1xx_ll_rcc.c 0x00000000   Number         0  stm32f1xx_ll_rcc.o ABSOLUTE
    ..\Drivers\STM32F1xx_HAL_Driver\Src\stm32f1xx_ll_spi.c 0x00000000   Number         0  stm32f1xx_ll_spi.o ABSOLUTE
    ..\Drivers\STM32F1xx_HAL_Driver\Src\stm32f1xx_ll_utils.c 0x00000000   Number         0  stm32f1xx_ll_utils.o ABSOLUTE
    ..\Src\dma.c                             0x00000000   Number         0  dma.o ABSOLUTE
    ..\Src\gpio.c                            0x00000000   Number         0  gpio.o ABSOLUTE
    ..\Src\main.c                            0x00000000   Number         0  main.o ABSOLUTE
    ..\Src\spi.c                             0x00000000   Number         0  spi.o ABSOLUTE
    ..\Src\stm32f1xx_it.c                    0x00000000   Number         0  stm32f1xx_it.o ABSOLUTE
    ..\Src\sx1276Regs.c                      0x00000000   Number         0  sx1276regs.o ABSOLUTE
    ..\Src\system_stm32f1xx.c                0x00000000   Number         0  system_stm32f1xx.o ABSOLUTE
    ..\\Src\\sx1276Regs.c                    0x00000000   Number         0  sx1276regs.o ABSOLUTE
    cdrcmple.s                               0x00000000   Number         0  cdrcmple.o ABSOLUTE
    dc.s                                     0x00000000   Number         0  dc.o ABSOLUTE
    handlers.s                               0x00000000   Number         0  handlers.o ABSOLUTE
    init.s                                   0x00000000   Number         0  init.o ABSOLUTE
    startup_stm32f103x6.s                    0x00000000   Number         0  startup_stm32f103x6.o ABSOLUTE
    RESET                                    0x08000000   Section      236  startup_stm32f103x6.o(RESET)
    .ARM.Collect$$$$00000000                 0x080000ec   Section        0  entry.o(.ARM.Collect$$$$00000000)
    .ARM.Collect$$$$00000001                 0x080000ec   Section        4  entry2.o(.ARM.Collect$$$$00000001)
    .ARM.Collect$$$$00000004                 0x080000f0   Section        4  entry5.o(.ARM.Collect$$$$00000004)
    .ARM.Collect$$$$00000008                 0x080000f4   Section        0  entry7b.o(.ARM.Collect$$$$00000008)
    .ARM.Collect$$$$0000000A                 0x080000f4   Section        0  entry8b.o(.ARM.Collect$$$$0000000A)
    .ARM.Collect$$$$0000000B                 0x080000f4   Section        8  entry9a.o(.ARM.Collect$$$$0000000B)
    .ARM.Collect$$$$0000000D                 0x080000fc   Section        0  entry10a.o(.ARM.Collect$$$$0000000D)
    .ARM.Collect$$$$0000000F                 0x080000fc   Section        0  entry11a.o(.ARM.Collect$$$$0000000F)
    .ARM.Collect$$$$00002712                 0x080000fc   Section        4  entry2.o(.ARM.Collect$$$$00002712)
    __lit__00000000                          0x080000fc   Data           4  entry2.o(.ARM.Collect$$$$00002712)
    .text                                    0x08000100   Section       36  startup_stm32f103x6.o(.text)
    .text                                    0x08000124   Section        0  memcpya.o(.text)
    .text                                    0x08000148   Section        0  memseta.o(.text)
    .text                                    0x0800016c   Section        0  fmul.o(.text)
    .text                                    0x080001d0   Section        0  fdiv.o(.text)
    .text                                    0x0800024c   Section        0  ffltui.o(.text)
    .text                                    0x08000256   Section        0  ffixui.o(.text)
    .text                                    0x0800027e   Section        0  iusefp.o(.text)
    .text                                    0x0800027e   Section        0  fepilogue.o(.text)
    .text                                    0x080002ec   Section       36  init.o(.text)
    i.BusFault_Handler                       0x08000310   Section        0  stm32f1xx_it.o(i.BusFault_Handler)
    i.DMA1_Channel2_IRQHandler               0x08000314   Section        0  stm32f1xx_it.o(i.DMA1_Channel2_IRQHandler)
    i.DMA1_Channel3_IRQHandler               0x08000318   Section        0  stm32f1xx_it.o(i.DMA1_Channel3_IRQHandler)
    i.DMA_USER_INIT                          0x08000364   Section        0  dma.o(i.DMA_USER_INIT)
    i.DebugMon_Handler                       0x08000434   Section        0  stm32f1xx_it.o(i.DebugMon_Handler)
    i.EXTI0_IRQHandler                       0x08000438   Section        0  stm32f1xx_it.o(i.EXTI0_IRQHandler)
    i.EXTI1_IRQHandler                       0x08000470   Section        0  stm32f1xx_it.o(i.EXTI1_IRQHandler)
    i.Error_Handler                          0x08000482   Section        0  main.o(i.Error_Handler)
    i.HardFault_Handler                      0x08000484   Section        0  stm32f1xx_it.o(i.HardFault_Handler)
    i.LL_APB2_GRP1_EnableClock               0x08000488   Section        0  gpio.o(i.LL_APB2_GRP1_EnableClock)
    LL_APB2_GRP1_EnableClock                 0x08000489   Thumb Code    24  gpio.o(i.LL_APB2_GRP1_EnableClock)
    i.LL_APB2_GRP1_EnableClock               0x080004a4   Section        0  spi.o(i.LL_APB2_GRP1_EnableClock)
    LL_APB2_GRP1_EnableClock                 0x080004a5   Thumb Code    24  spi.o(i.LL_APB2_GRP1_EnableClock)
    i.LL_DMA_DisableChannel                  0x080004c0   Section        0  dma.o(i.LL_DMA_DisableChannel)
    LL_DMA_DisableChannel                    0x080004c1   Thumb Code    24  dma.o(i.LL_DMA_DisableChannel)
    i.LL_DMA_EnableIT_TC                     0x080004dc   Section        0  dma.o(i.LL_DMA_EnableIT_TC)
    LL_DMA_EnableIT_TC                       0x080004dd   Thumb Code    24  dma.o(i.LL_DMA_EnableIT_TC)
    i.LL_DMA_SetChannelPriorityLevel         0x080004f8   Section        0  spi.o(i.LL_DMA_SetChannelPriorityLevel)
    LL_DMA_SetChannelPriorityLevel           0x080004f9   Thumb Code    26  spi.o(i.LL_DMA_SetChannelPriorityLevel)
    i.LL_DMA_SetDataTransferDirection        0x08000518   Section        0  spi.o(i.LL_DMA_SetDataTransferDirection)
    LL_DMA_SetDataTransferDirection          0x08000519   Thumb Code    28  spi.o(i.LL_DMA_SetDataTransferDirection)
    i.LL_DMA_SetMemoryIncMode                0x08000538   Section        0  spi.o(i.LL_DMA_SetMemoryIncMode)
    LL_DMA_SetMemoryIncMode                  0x08000539   Thumb Code    26  spi.o(i.LL_DMA_SetMemoryIncMode)
    i.LL_DMA_SetMemorySize                   0x08000558   Section        0  spi.o(i.LL_DMA_SetMemorySize)
    LL_DMA_SetMemorySize                     0x08000559   Thumb Code    26  spi.o(i.LL_DMA_SetMemorySize)
    i.LL_DMA_SetMode                         0x08000578   Section        0  spi.o(i.LL_DMA_SetMode)
    LL_DMA_SetMode                           0x08000579   Thumb Code    26  spi.o(i.LL_DMA_SetMode)
    i.LL_DMA_SetPeriphIncMode                0x08000598   Section        0  spi.o(i.LL_DMA_SetPeriphIncMode)
    LL_DMA_SetPeriphIncMode                  0x08000599   Thumb Code    26  spi.o(i.LL_DMA_SetPeriphIncMode)
    i.LL_DMA_SetPeriphSize                   0x080005b8   Section        0  spi.o(i.LL_DMA_SetPeriphSize)
    LL_DMA_SetPeriphSize                     0x080005b9   Thumb Code    26  spi.o(i.LL_DMA_SetPeriphSize)
    i.LL_EXTI_ClearFlag_0_31                 0x080005d8   Section        0  stm32f1xx_it.o(i.LL_EXTI_ClearFlag_0_31)
    LL_EXTI_ClearFlag_0_31                   0x080005d9   Thumb Code     6  stm32f1xx_it.o(i.LL_EXTI_ClearFlag_0_31)
    i.LL_EXTI_DisableEvent_0_31              0x080005e4   Section        0  stm32f1xx_ll_exti.o(i.LL_EXTI_DisableEvent_0_31)
    LL_EXTI_DisableEvent_0_31                0x080005e5   Thumb Code    12  stm32f1xx_ll_exti.o(i.LL_EXTI_DisableEvent_0_31)
    i.LL_EXTI_DisableIT_0_31                 0x080005f4   Section        0  stm32f1xx_ll_exti.o(i.LL_EXTI_DisableIT_0_31)
    LL_EXTI_DisableIT_0_31                   0x080005f5   Thumb Code    12  stm32f1xx_ll_exti.o(i.LL_EXTI_DisableIT_0_31)
    i.LL_EXTI_EnableEvent_0_31               0x08000604   Section        0  stm32f1xx_ll_exti.o(i.LL_EXTI_EnableEvent_0_31)
    LL_EXTI_EnableEvent_0_31                 0x08000605   Thumb Code    12  stm32f1xx_ll_exti.o(i.LL_EXTI_EnableEvent_0_31)
    i.LL_EXTI_EnableFallingTrig_0_31         0x08000614   Section        0  stm32f1xx_ll_exti.o(i.LL_EXTI_EnableFallingTrig_0_31)
    LL_EXTI_EnableFallingTrig_0_31           0x08000615   Thumb Code    12  stm32f1xx_ll_exti.o(i.LL_EXTI_EnableFallingTrig_0_31)
    i.LL_EXTI_EnableIT_0_31                  0x08000624   Section        0  stm32f1xx_ll_exti.o(i.LL_EXTI_EnableIT_0_31)
    LL_EXTI_EnableIT_0_31                    0x08000625   Thumb Code    12  stm32f1xx_ll_exti.o(i.LL_EXTI_EnableIT_0_31)
    i.LL_EXTI_EnableRisingTrig_0_31          0x08000634   Section        0  stm32f1xx_ll_exti.o(i.LL_EXTI_EnableRisingTrig_0_31)
    LL_EXTI_EnableRisingTrig_0_31            0x08000635   Thumb Code    12  stm32f1xx_ll_exti.o(i.LL_EXTI_EnableRisingTrig_0_31)
    i.LL_EXTI_Init                           0x08000644   Section        0  stm32f1xx_ll_exti.o(i.LL_EXTI_Init)
    i.LL_EXTI_IsActiveFlag_0_31              0x08000700   Section        0  stm32f1xx_it.o(i.LL_EXTI_IsActiveFlag_0_31)
    LL_EXTI_IsActiveFlag_0_31                0x08000701   Thumb Code    20  stm32f1xx_it.o(i.LL_EXTI_IsActiveFlag_0_31)
    i.LL_GPIO_AF_SetEXTISource               0x08000718   Section        0  gpio.o(i.LL_GPIO_AF_SetEXTISource)
    LL_GPIO_AF_SetEXTISource                 0x08000719   Thumb Code    40  gpio.o(i.LL_GPIO_AF_SetEXTISource)
    i.LL_GPIO_Init                           0x08000744   Section        0  stm32f1xx_ll_gpio.o(i.LL_GPIO_Init)
    i.LL_GPIO_ResetOutputPin                 0x0800086c   Section        0  sx1276regs.o(i.LL_GPIO_ResetOutputPin)
    LL_GPIO_ResetOutputPin                   0x0800086d   Thumb Code     8  sx1276regs.o(i.LL_GPIO_ResetOutputPin)
    i.LL_GPIO_ResetOutputPin                 0x08000874   Section        0  gpio.o(i.LL_GPIO_ResetOutputPin)
    LL_GPIO_ResetOutputPin                   0x08000875   Thumb Code     8  gpio.o(i.LL_GPIO_ResetOutputPin)
    i.LL_GPIO_SetOutputPin                   0x0800087c   Section        0  sx1276regs.o(i.LL_GPIO_SetOutputPin)
    LL_GPIO_SetOutputPin                     0x0800087d   Thumb Code     8  sx1276regs.o(i.LL_GPIO_SetOutputPin)
    i.LL_GPIO_SetOutputPin                   0x08000884   Section        0  stm32f1xx_it.o(i.LL_GPIO_SetOutputPin)
    LL_GPIO_SetOutputPin                     0x08000885   Thumb Code     8  stm32f1xx_it.o(i.LL_GPIO_SetOutputPin)
    i.LL_GPIO_SetPinMode                     0x0800088c   Section        0  gpio.o(i.LL_GPIO_SetPinMode)
    LL_GPIO_SetPinMode                       0x0800088d   Thumb Code    44  gpio.o(i.LL_GPIO_SetPinMode)
    i.LL_Init1msTick                         0x080008b8   Section        0  stm32f1xx_ll_utils.o(i.LL_Init1msTick)
    i.LL_SPI_Init                            0x080008d4   Section        0  stm32f1xx_ll_spi.o(i.LL_SPI_Init)
    i.LL_SetSystemCoreClock                  0x08000938   Section        0  stm32f1xx_ll_utils.o(i.LL_SetSystemCoreClock)
    i.LL_mDelay                              0x08000944   Section        0  stm32f1xx_ll_utils.o(i.LL_mDelay)
    i.MX_DMA_Init                            0x0800096c   Section        0  dma.o(i.MX_DMA_Init)
    i.MX_GPIO_Init                           0x080009c8   Section        0  gpio.o(i.MX_GPIO_Init)
    i.MX_SPI1_Init                           0x08000ae4   Section        0  spi.o(i.MX_SPI1_Init)
    i.MemManage_Handler                      0x08000bfc   Section        0  stm32f1xx_it.o(i.MemManage_Handler)
    i.NMI_Handler                            0x08000c00   Section        0  stm32f1xx_it.o(i.NMI_Handler)
    i.NVIC_EncodePriority                    0x08000c02   Section        0  gpio.o(i.NVIC_EncodePriority)
    NVIC_EncodePriority                      0x08000c03   Thumb Code    64  gpio.o(i.NVIC_EncodePriority)
    i.NVIC_EncodePriority                    0x08000c42   Section        0  dma.o(i.NVIC_EncodePriority)
    NVIC_EncodePriority                      0x08000c43   Thumb Code    64  dma.o(i.NVIC_EncodePriority)
    i.PendSV_Handler                         0x08000c82   Section        0  stm32f1xx_it.o(i.PendSV_Handler)
    i.SPI1_USER_INIT                         0x08000c84   Section        0  spi.o(i.SPI1_USER_INIT)
    i.SPI_dma_request_read_write             0x08000c9c   Section        0  sx1276regs.o(i.SPI_dma_request_read_write)
    i.SVC_Handler                            0x08000d54   Section        0  stm32f1xx_it.o(i.SVC_Handler)
    i.SX1276_77_78_79_LORA_Init              0x08000d58   Section        0  sx1276regs.o(i.SX1276_77_78_79_LORA_Init)
    i.SX1276_77_78_79_Reset                  0x080013b8   Section        0  sx1276regs.o(i.SX1276_77_78_79_Reset)
    i.SX1276_77_78_79_sendData               0x080013e0   Section        0  sx1276regs.o(i.SX1276_77_78_79_sendData)
    i.SX1276_77_78_79_setMode                0x0800144c   Section        0  sx1276regs.o(i.SX1276_77_78_79_setMode)
    i.SX1276_77_78_79_writeDIOMapping        0x08001468   Section        0  sx1276regs.o(i.SX1276_77_78_79_writeDIOMapping)
    i.SX1276_77_78_79_writeFifo              0x0800149c   Section        0  sx1276regs.o(i.SX1276_77_78_79_writeFifo)
    i.SX1276_77_78_79_writeFifoPtrAddr_L     0x080014d8   Section        0  sx1276regs.o(i.SX1276_77_78_79_writeFifoPtrAddr_L)
    i.SX1276_77_78_79_writeOpMode            0x08001508   Section        0  sx1276regs.o(i.SX1276_77_78_79_writeOpMode)
    i.SysTick_Handler                        0x08001598   Section        0  stm32f1xx_it.o(i.SysTick_Handler)
    i.SystemClock_Config                     0x0800159c   Section        0  main.o(i.SystemClock_Config)
    i.SystemInit                             0x0800168c   Section        0  system_stm32f1xx.o(i.SystemInit)
    i.UsageFault_Handler                     0x0800168e   Section        0  stm32f1xx_it.o(i.UsageFault_Handler)
    i.__0printf$bare                         0x08001694   Section        0  printfb.o(i.__0printf$bare)
    i.__NVIC_EnableIRQ                       0x080016a4   Section        0  gpio.o(i.__NVIC_EnableIRQ)
    __NVIC_EnableIRQ                         0x080016a5   Thumb Code    26  gpio.o(i.__NVIC_EnableIRQ)
    i.__NVIC_EnableIRQ                       0x080016be   Section        0  dma.o(i.__NVIC_EnableIRQ)
    __NVIC_EnableIRQ                         0x080016bf   Thumb Code    26  dma.o(i.__NVIC_EnableIRQ)
    i.__NVIC_GetPriorityGrouping             0x080016d8   Section        0  gpio.o(i.__NVIC_GetPriorityGrouping)
    __NVIC_GetPriorityGrouping               0x080016d9   Thumb Code    10  gpio.o(i.__NVIC_GetPriorityGrouping)
    i.__NVIC_GetPriorityGrouping             0x080016e8   Section        0  dma.o(i.__NVIC_GetPriorityGrouping)
    __NVIC_GetPriorityGrouping               0x080016e9   Thumb Code    10  dma.o(i.__NVIC_GetPriorityGrouping)
    i.__NVIC_SetPriority                     0x080016f8   Section        0  gpio.o(i.__NVIC_SetPriority)
    __NVIC_SetPriority                       0x080016f9   Thumb Code    32  gpio.o(i.__NVIC_SetPriority)
    i.__NVIC_SetPriority                     0x08001720   Section        0  dma.o(i.__NVIC_SetPriority)
    __NVIC_SetPriority                       0x08001721   Thumb Code    32  dma.o(i.__NVIC_SetPriority)
    i.__scatterload_copy                     0x08001748   Section       14  handlers.o(i.__scatterload_copy)
    i.__scatterload_null                     0x08001756   Section        2  handlers.o(i.__scatterload_null)
    i.__scatterload_zeroinit                 0x08001758   Section       14  handlers.o(i.__scatterload_zeroinit)
    i._printf_core                           0x08001766   Section        0  printfb.o(i._printf_core)
    _printf_core                             0x08001767   Thumb Code    34  printfb.o(i._printf_core)
    i.calculate_time_on_air_for_LoRa_ms      0x08001788   Section        0  sx1276regs.o(i.calculate_time_on_air_for_LoRa_ms)
    i.fputc                                  0x08001790   Section        0  main.o(i.fputc)
    i.main                                   0x080017b4   Section        0  main.o(i.main)
    i.readFromRegisterSync                   0x0800189c   Section        0  sx1276regs.o(i.readFromRegisterSync)
    i.readRegOpMode                          0x0800194c   Section        0  sx1276regs.o(i.readRegOpMode)
    i.writeLoRaRegDetectOptimize             0x0800195c   Section        0  sx1276regs.o(i.writeLoRaRegDetectOptimize)
    i.writeLoRaRegDetectionThreshold         0x0800197e   Section        0  sx1276regs.o(i.writeLoRaRegDetectionThreshold)
    i.writeLoRaRegFifoAddrPtr                0x080019a0   Section        0  sx1276regs.o(i.writeLoRaRegFifoAddrPtr)
    i.writeLoRaRegFifoRxBaseAddr             0x080019c2   Section        0  sx1276regs.o(i.writeLoRaRegFifoRxBaseAddr)
    i.writeLoRaRegFifoTxBaseAddr             0x080019e4   Section        0  sx1276regs.o(i.writeLoRaRegFifoTxBaseAddr)
    i.writeLoRaRegFreqHoppingPeriod          0x08001a06   Section        0  sx1276regs.o(i.writeLoRaRegFreqHoppingPeriod)
    i.writeLoRaRegHighBWOptimize1            0x08001a28   Section        0  sx1276regs.o(i.writeLoRaRegHighBWOptimize1)
    i.writeLoRaRegIrqFlagsMask               0x08001a4a   Section        0  sx1276regs.o(i.writeLoRaRegIrqFlagsMask)
    i.writeLoRaRegLfFreq1                    0x08001a6c   Section        0  sx1276regs.o(i.writeLoRaRegLfFreq1)
    i.writeLoRaRegLfFreq2                    0x08001a8e   Section        0  sx1276regs.o(i.writeLoRaRegLfFreq2)
    i.writeLoRaRegModemConfig1               0x08001ab0   Section        0  sx1276regs.o(i.writeLoRaRegModemConfig1)
    i.writeLoRaRegModemConfig2               0x08001ad2   Section        0  sx1276regs.o(i.writeLoRaRegModemConfig2)
    i.writeLoRaRegModemConfig3               0x08001af4   Section        0  sx1276regs.o(i.writeLoRaRegModemConfig3)
    i.writeLoRaRegPayloadLength              0x08001b16   Section        0  sx1276regs.o(i.writeLoRaRegPayloadLength)
    i.writeLoRaRegPayloadMaxLength           0x08001b38   Section        0  sx1276regs.o(i.writeLoRaRegPayloadMaxLength)
    i.writeLoRaRegPreambleLengthLsb          0x08001b5a   Section        0  sx1276regs.o(i.writeLoRaRegPreambleLengthLsb)
    i.writeLoRaRegPreambleLengthMsb          0x08001b7c   Section        0  sx1276regs.o(i.writeLoRaRegPreambleLengthMsb)
    i.writeLoRaRegSymbolTimeoutLsb           0x08001b9e   Section        0  sx1276regs.o(i.writeLoRaRegSymbolTimeoutLsb)
    i.writeLoRaRegSyncWord                   0x08001bc0   Section        0  sx1276regs.o(i.writeLoRaRegSyncWord)
    i.writeRegAfcBw                          0x08001be2   Section        0  sx1276regs.o(i.writeRegAfcBw)
    i.writeRegAfcFei                         0x08001c04   Section        0  sx1276regs.o(i.writeRegAfcFei)
    i.writeRegAfcLsb                         0x08001c26   Section        0  sx1276regs.o(i.writeRegAfcLsb)
    i.writeRegAfcMsb                         0x08001c48   Section        0  sx1276regs.o(i.writeRegAfcMsb)
    i.writeRegBroadcastAdrs                  0x08001c6a   Section        0  sx1276regs.o(i.writeRegBroadcastAdrs)
    i.writeRegDioMapping1                    0x08001c8c   Section        0  sx1276regs.o(i.writeRegDioMapping1)
    i.writeRegDioMapping2                    0x08001cae   Section        0  sx1276regs.o(i.writeRegDioMapping2)
    i.writeRegFeiLsb                         0x08001cd0   Section        0  sx1276regs.o(i.writeRegFeiLsb)
    i.writeRegFeiMsb                         0x08001cf2   Section        0  sx1276regs.o(i.writeRegFeiMsb)
    i.writeRegFifoThresh                     0x08001d14   Section        0  sx1276regs.o(i.writeRegFifoThresh)
    i.writeRegFrfLsb                         0x08001d36   Section        0  sx1276regs.o(i.writeRegFrfLsb)
    i.writeRegFrfMid                         0x08001d58   Section        0  sx1276regs.o(i.writeRegFrfMid)
    i.writeRegFrfMsb                         0x08001d7a   Section        0  sx1276regs.o(i.writeRegFrfMsb)
    i.writeRegImageCal                       0x08001d9c   Section        0  sx1276regs.o(i.writeRegImageCal)
    i.writeRegLna                            0x08001dbe   Section        0  sx1276regs.o(i.writeRegLna)
    i.writeRegLowBat                         0x08001de0   Section        0  sx1276regs.o(i.writeRegLowBat)
    i.writeRegNodeAdrs                       0x08001e02   Section        0  sx1276regs.o(i.writeRegNodeAdrs)
    i.writeRegOcp                            0x08001e24   Section        0  sx1276regs.o(i.writeRegOcp)
    i.writeRegOokAvg                         0x08001e46   Section        0  sx1276regs.o(i.writeRegOokAvg)
    i.writeRegOokFix                         0x08001e68   Section        0  sx1276regs.o(i.writeRegOokFix)
    i.writeRegOokPeak                        0x08001e8a   Section        0  sx1276regs.o(i.writeRegOokPeak)
    i.writeRegOpMode                         0x08001eac   Section        0  sx1276regs.o(i.writeRegOpMode)
    i.writeRegOsc                            0x08001ece   Section        0  sx1276regs.o(i.writeRegOsc)
    i.writeRegPaConfig                       0x08001ef0   Section        0  sx1276regs.o(i.writeRegPaConfig)
    i.writeRegPaRamp                         0x08001f12   Section        0  sx1276regs.o(i.writeRegPaRamp)
    i.writeRegPacketConfig1                  0x08001f34   Section        0  sx1276regs.o(i.writeRegPacketConfig1)
    i.writeRegPacketConfig2                  0x08001f56   Section        0  sx1276regs.o(i.writeRegPacketConfig2)
    i.writeRegPayloadLength                  0x08001f78   Section        0  sx1276regs.o(i.writeRegPayloadLength)
    i.writeRegPreambleDetect                 0x08001f9a   Section        0  sx1276regs.o(i.writeRegPreambleDetect)
    i.writeRegPreambleLsb                    0x08001fbc   Section        0  sx1276regs.o(i.writeRegPreambleLsb)
    i.writeRegPreambleMsb                    0x08001fde   Section        0  sx1276regs.o(i.writeRegPreambleMsb)
    i.writeRegRssiCollision                  0x08002000   Section        0  sx1276regs.o(i.writeRegRssiCollision)
    i.writeRegRssiConfig                     0x08002022   Section        0  sx1276regs.o(i.writeRegRssiConfig)
    i.writeRegRssiThreshold                  0x08002044   Section        0  sx1276regs.o(i.writeRegRssiThreshold)
    i.writeRegRxBw                           0x08002066   Section        0  sx1276regs.o(i.writeRegRxBw)
    i.writeRegRxConfig                       0x08002088   Section        0  sx1276regs.o(i.writeRegRxConfig)
    i.writeRegRxDelay                        0x080020aa   Section        0  sx1276regs.o(i.writeRegRxDelay)
    i.writeRegRxTimeout1                     0x080020cc   Section        0  sx1276regs.o(i.writeRegRxTimeout1)
    i.writeRegRxTimeout2                     0x080020ee   Section        0  sx1276regs.o(i.writeRegRxTimeout2)
    i.writeRegRxTimeout3                     0x08002110   Section        0  sx1276regs.o(i.writeRegRxTimeout3)
    i.writeRegSeqConfig1                     0x08002132   Section        0  sx1276regs.o(i.writeRegSeqConfig1)
    i.writeRegSeqConfig2                     0x08002154   Section        0  sx1276regs.o(i.writeRegSeqConfig2)
    i.writeRegSyncConfig                     0x08002176   Section        0  sx1276regs.o(i.writeRegSyncConfig)
    i.writeRegSyncValue1                     0x08002198   Section        0  sx1276regs.o(i.writeRegSyncValue1)
    i.writeRegSyncValue2                     0x080021ba   Section        0  sx1276regs.o(i.writeRegSyncValue2)
    i.writeRegSyncValue3                     0x080021dc   Section        0  sx1276regs.o(i.writeRegSyncValue3)
    i.writeRegSyncValue4                     0x080021fe   Section        0  sx1276regs.o(i.writeRegSyncValue4)
    i.writeRegSyncValue5                     0x08002220   Section        0  sx1276regs.o(i.writeRegSyncValue5)
    i.writeRegSyncValue6                     0x08002242   Section        0  sx1276regs.o(i.writeRegSyncValue6)
    i.writeRegSyncValue7                     0x08002264   Section        0  sx1276regs.o(i.writeRegSyncValue7)
    i.writeRegSyncValue8                     0x08002286   Section        0  sx1276regs.o(i.writeRegSyncValue8)
    i.writeRegTimer1Coef                     0x080022a8   Section        0  sx1276regs.o(i.writeRegTimer1Coef)
    i.writeRegTimer2Coef                     0x080022ca   Section        0  sx1276regs.o(i.writeRegTimer2Coef)
    i.writeRegTimerResol                     0x080022ec   Section        0  sx1276regs.o(i.writeRegTimerResol)
    i.writeToRegisterSync                    0x08002310   Section        0  sx1276regs.o(i.writeToRegisterSync)
    .constdata                               0x080023c8   Section        7  dma.o(.constdata)
    CHANNEL_OFFSET_TAB                       0x080023c8   Data           7  dma.o(.constdata)
    .constdata                               0x080023cf   Section        7  spi.o(.constdata)
    CHANNEL_OFFSET_TAB                       0x080023cf   Data           7  spi.o(.constdata)
    .constdata                               0x080023d6   Section        7  stm32f1xx_it.o(.constdata)
    CHANNEL_OFFSET_TAB                       0x080023d6   Data           7  stm32f1xx_it.o(.constdata)
    .data                                    0x20000000   Section       24  sx1276regs.o(.data)
    rwqueue_wrptr                            0x20000000   Data           4  sx1276regs.o(.data)
    rwqueue_rdptr                            0x20000004   Data           4  sx1276regs.o(.data)
    rwQueueCnt                               0x20000008   Data           4  sx1276regs.o(.data)
    fifoReadPtr                              0x2000000c   Data           4  sx1276regs.o(.data)
    writeOpModeIndex                         0x20000010   Data           1  sx1276regs.o(.data)
    delayTime                                0x20000014   Data           4  sx1276regs.o(.data)
    .data                                    0x20000018   Section       28  main.o(.data)
    .data                                    0x20000034   Section        4  system_stm32f1xx.o(.data)
    .bss                                     0x20000038   Section     4724  sx1276regs.o(.bss)
    rwqueue                                  0x20000134   Data         256  sx1276regs.o(.bss)
    writeFifoReq                             0x20000234   Data         136  sx1276regs.o(.bss)
    readFifoReq                              0x200002bc   Data         136  sx1276regs.o(.bss)
    writeOpModeReq                           0x20000344   Data        1360  sx1276regs.o(.bss)
    readOpModeReq                            0x20000894   Data         136  sx1276regs.o(.bss)
    readRSSIReq                              0x2000091c   Data         136  sx1276regs.o(.bss)
    writePayloadLengthReq                    0x200009a4   Data         136  sx1276regs.o(.bss)
    readPayloadLengthReq                     0x20000a2c   Data         136  sx1276regs.o(.bss)
    writeNodeAndBroadcastAddressReq          0x20000ab4   Data         136  sx1276regs.o(.bss)
    readNodeAndBroadcastAddressReq           0x20000b3c   Data         136  sx1276regs.o(.bss)
    writeFifoThresholdReq                    0x20000bc4   Data         136  sx1276regs.o(.bss)
    readFifoThresholdReq                     0x20000c4c   Data         136  sx1276regs.o(.bss)
    writeIrqFlags_1_2Req                     0x20000cd4   Data         136  sx1276regs.o(.bss)
    readIrqFlags_1_2Req                      0x20000d5c   Data         136  sx1276regs.o(.bss)
    readTemperatureReq                       0x20000de4   Data         136  sx1276regs.o(.bss)
    writeDIOMappingReq                       0x20000e6c   Data         136  sx1276regs.o(.bss)
    writeFifoPtrAddrReq                      0x20000ef4   Data         136  sx1276regs.o(.bss)
    readFifoPtrAddrReq                       0x20000f7c   Data         136  sx1276regs.o(.bss)
    writeLoRaIrqFlagsReq                     0x20001004   Data         136  sx1276regs.o(.bss)
    readLoRaIrqFlagsReq                      0x2000108c   Data         136  sx1276regs.o(.bss)
    readFifoRxCurrentAddrReq                 0x20001114   Data         136  sx1276regs.o(.bss)
    readFifoRxBytesNbReq                     0x2000119c   Data         136  sx1276regs.o(.bss)
    readModemStatusAndRSSIReq                0x20001224   Data         136  sx1276regs.o(.bss)
    .bss                                     0x200012ac   Section       68  main.o(.bss)
    STACK                                    0x200012f0   Section     1024  startup_stm32f103x6.o(STACK)

    Global Symbols

    Symbol Name                              Value     Ov Type        Size  Object(Section)

    BuildAttributes$$THM_ISAv4$P$D$K$B$S$PE$A:L22UL41UL21$X:L11$S22US41US21$IEEE1$IW$USESV6$~STKCKD$USESV7$~SHL$OTIME$ROPI$EBA8$MICROLIB$REQ8$PRES8$EABIv2 0x00000000   Number         0  anon$$obj.o ABSOLUTE
    __ARM_use_no_argv                        0x00000000   Number         0  main.o ABSOLUTE
    __cpp_initialize__aeabi_                  - Undefined Weak Reference
    __cxa_finalize                            - Undefined Weak Reference
    __decompress                              - Undefined Weak Reference
    _clock_init                               - Undefined Weak Reference
    _microlib_exit                            - Undefined Weak Reference
    __Vectors_Size                           0x000000ec   Number         0  startup_stm32f103x6.o ABSOLUTE
    __Vectors                                0x08000000   Data           4  startup_stm32f103x6.o(RESET)
    __Vectors_End                            0x080000ec   Data           0  startup_stm32f103x6.o(RESET)
    __main                                   0x080000ed   Thumb Code     0  entry.o(.ARM.Collect$$$$00000000)
    _main_stk                                0x080000ed   Thumb Code     0  entry2.o(.ARM.Collect$$$$00000001)
    _main_scatterload                        0x080000f1   Thumb Code     0  entry5.o(.ARM.Collect$$$$00000004)
    __main_after_scatterload                 0x080000f5   Thumb Code     0  entry5.o(.ARM.Collect$$$$00000004)
    _main_clock                              0x080000f5   Thumb Code     0  entry7b.o(.ARM.Collect$$$$00000008)
    _main_cpp_init                           0x080000f5   Thumb Code     0  entry8b.o(.ARM.Collect$$$$0000000A)
    _main_init                               0x080000f5   Thumb Code     0  entry9a.o(.ARM.Collect$$$$0000000B)
    __rt_final_cpp                           0x080000fd   Thumb Code     0  entry10a.o(.ARM.Collect$$$$0000000D)
    __rt_final_exit                          0x080000fd   Thumb Code     0  entry11a.o(.ARM.Collect$$$$0000000F)
    Reset_Handler                            0x08000101   Thumb Code     8  startup_stm32f103x6.o(.text)
    ADC1_2_IRQHandler                        0x0800011b   Thumb Code     0  startup_stm32f103x6.o(.text)
    CAN1_RX1_IRQHandler                      0x0800011b   Thumb Code     0  startup_stm32f103x6.o(.text)
    CAN1_SCE_IRQHandler                      0x0800011b   Thumb Code     0  startup_stm32f103x6.o(.text)
    DMA1_Channel1_IRQHandler                 0x0800011b   Thumb Code     0  startup_stm32f103x6.o(.text)
    DMA1_Channel4_IRQHandler                 0x0800011b   Thumb Code     0  startup_stm32f103x6.o(.text)
    DMA1_Channel5_IRQHandler                 0x0800011b   Thumb Code     0  startup_stm32f103x6.o(.text)
    DMA1_Channel6_IRQHandler                 0x0800011b   Thumb Code     0  startup_stm32f103x6.o(.text)
    DMA1_Channel7_IRQHandler                 0x0800011b   Thumb Code     0  startup_stm32f103x6.o(.text)
    EXTI15_10_IRQHandler                     0x0800011b   Thumb Code     0  startup_stm32f103x6.o(.text)
    EXTI2_IRQHandler                         0x0800011b   Thumb Code     0  startup_stm32f103x6.o(.text)
    EXTI3_IRQHandler                         0x0800011b   Thumb Code     0  startup_stm32f103x6.o(.text)
    EXTI4_IRQHandler                         0x0800011b   Thumb Code     0  startup_stm32f103x6.o(.text)
    EXTI9_5_IRQHandler                       0x0800011b   Thumb Code     0  startup_stm32f103x6.o(.text)
    FLASH_IRQHandler                         0x0800011b   Thumb Code     0  startup_stm32f103x6.o(.text)
    I2C1_ER_IRQHandler                       0x0800011b   Thumb Code     0  startup_stm32f103x6.o(.text)
    I2C1_EV_IRQHandler                       0x0800011b   Thumb Code     0  startup_stm32f103x6.o(.text)
    PVD_IRQHandler                           0x0800011b   Thumb Code     0  startup_stm32f103x6.o(.text)
    RCC_IRQHandler                           0x0800011b   Thumb Code     0  startup_stm32f103x6.o(.text)
    RTC_Alarm_IRQHandler                     0x0800011b   Thumb Code     0  startup_stm32f103x6.o(.text)
    RTC_IRQHandler                           0x0800011b   Thumb Code     0  startup_stm32f103x6.o(.text)
    SPI1_IRQHandler                          0x0800011b   Thumb Code     0  startup_stm32f103x6.o(.text)
    TAMPER_IRQHandler                        0x0800011b   Thumb Code     0  startup_stm32f103x6.o(.text)
    TIM1_BRK_IRQHandler                      0x0800011b   Thumb Code     0  startup_stm32f103x6.o(.text)
    TIM1_CC_IRQHandler                       0x0800011b   Thumb Code     0  startup_stm32f103x6.o(.text)
    TIM1_TRG_COM_IRQHandler                  0x0800011b   Thumb Code     0  startup_stm32f103x6.o(.text)
    TIM1_UP_IRQHandler                       0x0800011b   Thumb Code     0  startup_stm32f103x6.o(.text)
    TIM2_IRQHandler                          0x0800011b   Thumb Code     0  startup_stm32f103x6.o(.text)
    TIM3_IRQHandler                          0x0800011b   Thumb Code     0  startup_stm32f103x6.o(.text)
    USART1_IRQHandler                        0x0800011b   Thumb Code     0  startup_stm32f103x6.o(.text)
    USART2_IRQHandler                        0x0800011b   Thumb Code     0  startup_stm32f103x6.o(.text)
    USBWakeUp_IRQHandler                     0x0800011b   Thumb Code     0  startup_stm32f103x6.o(.text)
    USB_HP_CAN1_TX_IRQHandler                0x0800011b   Thumb Code     0  startup_stm32f103x6.o(.text)
    USB_LP_CAN1_RX0_IRQHandler               0x0800011b   Thumb Code     0  startup_stm32f103x6.o(.text)
    WWDG_IRQHandler                          0x0800011b   Thumb Code     0  startup_stm32f103x6.o(.text)
    __aeabi_memcpy                           0x08000125   Thumb Code    36  memcpya.o(.text)
    __aeabi_memcpy4                          0x08000125   Thumb Code     0  memcpya.o(.text)
    __aeabi_memcpy8                          0x08000125   Thumb Code     0  memcpya.o(.text)
    __aeabi_memset                           0x08000149   Thumb Code    14  memseta.o(.text)
    __aeabi_memset4                          0x08000149   Thumb Code     0  memseta.o(.text)
    __aeabi_memset8                          0x08000149   Thumb Code     0  memseta.o(.text)
    __aeabi_memclr                           0x08000157   Thumb Code     4  memseta.o(.text)
    __aeabi_memclr4                          0x08000157   Thumb Code     0  memseta.o(.text)
    __aeabi_memclr8                          0x08000157   Thumb Code     0  memseta.o(.text)
    _memset$wrapper                          0x0800015b   Thumb Code    18  memseta.o(.text)
    __aeabi_fmul                             0x0800016d   Thumb Code   100  fmul.o(.text)
    __aeabi_fdiv                             0x080001d1   Thumb Code   124  fdiv.o(.text)
    __aeabi_ui2f                             0x0800024d   Thumb Code    10  ffltui.o(.text)
    __aeabi_f2uiz                            0x08000257   Thumb Code    40  ffixui.o(.text)
    __I$use$fp                               0x0800027f   Thumb Code     0  iusefp.o(.text)
    _float_round                             0x0800027f   Thumb Code    18  fepilogue.o(.text)
    _float_epilogue                          0x08000291   Thumb Code    92  fepilogue.o(.text)
    __scatterload                            0x080002ed   Thumb Code    28  init.o(.text)
    __scatterload_rt2                        0x080002ed   Thumb Code     0  init.o(.text)
    BusFault_Handler                         0x08000311   Thumb Code     4  stm32f1xx_it.o(i.BusFault_Handler)
    DMA1_Channel2_IRQHandler                 0x08000315   Thumb Code     2  stm32f1xx_it.o(i.DMA1_Channel2_IRQHandler)
    DMA1_Channel3_IRQHandler                 0x08000319   Thumb Code    62  stm32f1xx_it.o(i.DMA1_Channel3_IRQHandler)
    DMA_USER_INIT                            0x08000365   Thumb Code   192  dma.o(i.DMA_USER_INIT)
    DebugMon_Handler                         0x08000435   Thumb Code     2  stm32f1xx_it.o(i.DebugMon_Handler)
    EXTI0_IRQHandler                         0x08000439   Thumb Code    46  stm32f1xx_it.o(i.EXTI0_IRQHandler)
    EXTI1_IRQHandler                         0x08000471   Thumb Code    18  stm32f1xx_it.o(i.EXTI1_IRQHandler)
    Error_Handler                            0x08000483   Thumb Code     2  main.o(i.Error_Handler)
    HardFault_Handler                        0x08000485   Thumb Code     4  stm32f1xx_it.o(i.HardFault_Handler)
    LL_EXTI_Init                             0x08000645   Thumb Code   184  stm32f1xx_ll_exti.o(i.LL_EXTI_Init)
    LL_GPIO_Init                             0x08000745   Thumb Code   296  stm32f1xx_ll_gpio.o(i.LL_GPIO_Init)
    LL_Init1msTick                           0x080008b9   Thumb Code    28  stm32f1xx_ll_utils.o(i.LL_Init1msTick)
    LL_SPI_Init                              0x080008d5   Thumb Code   100  stm32f1xx_ll_spi.o(i.LL_SPI_Init)
    LL_SetSystemCoreClock                    0x08000939   Thumb Code     6  stm32f1xx_ll_utils.o(i.LL_SetSystemCoreClock)
    LL_mDelay                                0x08000945   Thumb Code    40  stm32f1xx_ll_utils.o(i.LL_mDelay)
    MX_DMA_Init                              0x0800096d   Thumb Code    88  dma.o(i.MX_DMA_Init)
    MX_GPIO_Init                             0x080009c9   Thumb Code   272  gpio.o(i.MX_GPIO_Init)
    MX_SPI1_Init                             0x08000ae5   Thumb Code   268  spi.o(i.MX_SPI1_Init)
    MemManage_Handler                        0x08000bfd   Thumb Code     4  stm32f1xx_it.o(i.MemManage_Handler)
    NMI_Handler                              0x08000c01   Thumb Code     2  stm32f1xx_it.o(i.NMI_Handler)
    PendSV_Handler                           0x08000c83   Thumb Code     2  stm32f1xx_it.o(i.PendSV_Handler)
    SPI1_USER_INIT                           0x08000c85   Thumb Code    18  spi.o(i.SPI1_USER_INIT)
    SPI_dma_request_read_write               0x08000c9d   Thumb Code   164  sx1276regs.o(i.SPI_dma_request_read_write)
    SVC_Handler                              0x08000d55   Thumb Code     2  stm32f1xx_it.o(i.SVC_Handler)
    SX1276_77_78_79_LORA_Init                0x08000d59   Thumb Code  1618  sx1276regs.o(i.SX1276_77_78_79_LORA_Init)
    SX1276_77_78_79_Reset                    0x080013b9   Thumb Code    36  sx1276regs.o(i.SX1276_77_78_79_Reset)
    SX1276_77_78_79_sendData                 0x080013e1   Thumb Code   100  sx1276regs.o(i.SX1276_77_78_79_sendData)
    SX1276_77_78_79_setMode                  0x0800144d   Thumb Code    24  sx1276regs.o(i.SX1276_77_78_79_setMode)
    SX1276_77_78_79_writeDIOMapping          0x08001469   Thumb Code    46  sx1276regs.o(i.SX1276_77_78_79_writeDIOMapping)
    SX1276_77_78_79_writeFifo                0x0800149d   Thumb Code    56  sx1276regs.o(i.SX1276_77_78_79_writeFifo)
    SX1276_77_78_79_writeFifoPtrAddr_L       0x080014d9   Thumb Code    42  sx1276regs.o(i.SX1276_77_78_79_writeFifoPtrAddr_L)
    SX1276_77_78_79_writeOpMode              0x08001509   Thumb Code   134  sx1276regs.o(i.SX1276_77_78_79_writeOpMode)
    SysTick_Handler                          0x08001599   Thumb Code     2  stm32f1xx_it.o(i.SysTick_Handler)
    SystemClock_Config                       0x0800159d   Thumb Code   228  main.o(i.SystemClock_Config)
    SystemInit                               0x0800168d   Thumb Code     2  system_stm32f1xx.o(i.SystemInit)
    UsageFault_Handler                       0x0800168f   Thumb Code     4  stm32f1xx_it.o(i.UsageFault_Handler)
    __0printf$bare                           0x08001695   Thumb Code     8  printfb.o(i.__0printf$bare)
    __1printf$bare                           0x08001695   Thumb Code     0  printfb.o(i.__0printf$bare)
    __2printf                                0x08001695   Thumb Code     0  printfb.o(i.__0printf$bare)
    __scatterload_copy                       0x08001749   Thumb Code    14  handlers.o(i.__scatterload_copy)
    __scatterload_null                       0x08001757   Thumb Code     2  handlers.o(i.__scatterload_null)
    __scatterload_zeroinit                   0x08001759   Thumb Code    14  handlers.o(i.__scatterload_zeroinit)
    calculate_time_on_air_for_LoRa_ms        0x08001789   Thumb Code     6  sx1276regs.o(i.calculate_time_on_air_for_LoRa_ms)
    fputc                                    0x08001791   Thumb Code    30  main.o(i.fputc)
    main                                     0x080017b5   Thumb Code   196  main.o(i.main)
    readFromRegisterSync                     0x0800189d   Thumb Code   166  sx1276regs.o(i.readFromRegisterSync)
    readRegOpMode                            0x0800194d   Thumb Code    16  sx1276regs.o(i.readRegOpMode)
    writeLoRaRegDetectOptimize               0x0800195d   Thumb Code    34  sx1276regs.o(i.writeLoRaRegDetectOptimize)
    writeLoRaRegDetectionThreshold           0x0800197f   Thumb Code    34  sx1276regs.o(i.writeLoRaRegDetectionThreshold)
    writeLoRaRegFifoAddrPtr                  0x080019a1   Thumb Code    34  sx1276regs.o(i.writeLoRaRegFifoAddrPtr)
    writeLoRaRegFifoRxBaseAddr               0x080019c3   Thumb Code    34  sx1276regs.o(i.writeLoRaRegFifoRxBaseAddr)
    writeLoRaRegFifoTxBaseAddr               0x080019e5   Thumb Code    34  sx1276regs.o(i.writeLoRaRegFifoTxBaseAddr)
    writeLoRaRegFreqHoppingPeriod            0x08001a07   Thumb Code    34  sx1276regs.o(i.writeLoRaRegFreqHoppingPeriod)
    writeLoRaRegHighBWOptimize1              0x08001a29   Thumb Code    34  sx1276regs.o(i.writeLoRaRegHighBWOptimize1)
    writeLoRaRegIrqFlagsMask                 0x08001a4b   Thumb Code    34  sx1276regs.o(i.writeLoRaRegIrqFlagsMask)
    writeLoRaRegLfFreq1                      0x08001a6d   Thumb Code    34  sx1276regs.o(i.writeLoRaRegLfFreq1)
    writeLoRaRegLfFreq2                      0x08001a8f   Thumb Code    34  sx1276regs.o(i.writeLoRaRegLfFreq2)
    writeLoRaRegModemConfig1                 0x08001ab1   Thumb Code    34  sx1276regs.o(i.writeLoRaRegModemConfig1)
    writeLoRaRegModemConfig2                 0x08001ad3   Thumb Code    34  sx1276regs.o(i.writeLoRaRegModemConfig2)
    writeLoRaRegModemConfig3                 0x08001af5   Thumb Code    34  sx1276regs.o(i.writeLoRaRegModemConfig3)
    writeLoRaRegPayloadLength                0x08001b17   Thumb Code    34  sx1276regs.o(i.writeLoRaRegPayloadLength)
    writeLoRaRegPayloadMaxLength             0x08001b39   Thumb Code    34  sx1276regs.o(i.writeLoRaRegPayloadMaxLength)
    writeLoRaRegPreambleLengthLsb            0x08001b5b   Thumb Code    34  sx1276regs.o(i.writeLoRaRegPreambleLengthLsb)
    writeLoRaRegPreambleLengthMsb            0x08001b7d   Thumb Code    34  sx1276regs.o(i.writeLoRaRegPreambleLengthMsb)
    writeLoRaRegSymbolTimeoutLsb             0x08001b9f   Thumb Code    34  sx1276regs.o(i.writeLoRaRegSymbolTimeoutLsb)
    writeLoRaRegSyncWord                     0x08001bc1   Thumb Code    34  sx1276regs.o(i.writeLoRaRegSyncWord)
    writeRegAfcBw                            0x08001be3   Thumb Code    34  sx1276regs.o(i.writeRegAfcBw)
    writeRegAfcFei                           0x08001c05   Thumb Code    34  sx1276regs.o(i.writeRegAfcFei)
    writeRegAfcLsb                           0x08001c27   Thumb Code    34  sx1276regs.o(i.writeRegAfcLsb)
    writeRegAfcMsb                           0x08001c49   Thumb Code    34  sx1276regs.o(i.writeRegAfcMsb)
    writeRegBroadcastAdrs                    0x08001c6b   Thumb Code    34  sx1276regs.o(i.writeRegBroadcastAdrs)
    writeRegDioMapping1                      0x08001c8d   Thumb Code    34  sx1276regs.o(i.writeRegDioMapping1)
    writeRegDioMapping2                      0x08001caf   Thumb Code    34  sx1276regs.o(i.writeRegDioMapping2)
    writeRegFeiLsb                           0x08001cd1   Thumb Code    34  sx1276regs.o(i.writeRegFeiLsb)
    writeRegFeiMsb                           0x08001cf3   Thumb Code    34  sx1276regs.o(i.writeRegFeiMsb)
    writeRegFifoThresh                       0x08001d15   Thumb Code    34  sx1276regs.o(i.writeRegFifoThresh)
    writeRegFrfLsb                           0x08001d37   Thumb Code    34  sx1276regs.o(i.writeRegFrfLsb)
    writeRegFrfMid                           0x08001d59   Thumb Code    34  sx1276regs.o(i.writeRegFrfMid)
    writeRegFrfMsb                           0x08001d7b   Thumb Code    34  sx1276regs.o(i.writeRegFrfMsb)
    writeRegImageCal                         0x08001d9d   Thumb Code    34  sx1276regs.o(i.writeRegImageCal)
    writeRegLna                              0x08001dbf   Thumb Code    34  sx1276regs.o(i.writeRegLna)
    writeRegLowBat                           0x08001de1   Thumb Code    34  sx1276regs.o(i.writeRegLowBat)
    writeRegNodeAdrs                         0x08001e03   Thumb Code    34  sx1276regs.o(i.writeRegNodeAdrs)
    writeRegOcp                              0x08001e25   Thumb Code    34  sx1276regs.o(i.writeRegOcp)
    writeRegOokAvg                           0x08001e47   Thumb Code    34  sx1276regs.o(i.writeRegOokAvg)
    writeRegOokFix                           0x08001e69   Thumb Code    34  sx1276regs.o(i.writeRegOokFix)
    writeRegOokPeak                          0x08001e8b   Thumb Code    34  sx1276regs.o(i.writeRegOokPeak)
    writeRegOpMode                           0x08001ead   Thumb Code    34  sx1276regs.o(i.writeRegOpMode)
    writeRegOsc                              0x08001ecf   Thumb Code    34  sx1276regs.o(i.writeRegOsc)
    writeRegPaConfig                         0x08001ef1   Thumb Code    34  sx1276regs.o(i.writeRegPaConfig)
    writeRegPaRamp                           0x08001f13   Thumb Code    34  sx1276regs.o(i.writeRegPaRamp)
    writeRegPacketConfig1                    0x08001f35   Thumb Code    34  sx1276regs.o(i.writeRegPacketConfig1)
    writeRegPacketConfig2                    0x08001f57   Thumb Code    34  sx1276regs.o(i.writeRegPacketConfig2)
    writeRegPayloadLength                    0x08001f79   Thumb Code    34  sx1276regs.o(i.writeRegPayloadLength)
    writeRegPreambleDetect                   0x08001f9b   Thumb Code    34  sx1276regs.o(i.writeRegPreambleDetect)
    writeRegPreambleLsb                      0x08001fbd   Thumb Code    34  sx1276regs.o(i.writeRegPreambleLsb)
    writeRegPreambleMsb                      0x08001fdf   Thumb Code    34  sx1276regs.o(i.writeRegPreambleMsb)
    writeRegRssiCollision                    0x08002001   Thumb Code    34  sx1276regs.o(i.writeRegRssiCollision)
    writeRegRssiConfig                       0x08002023   Thumb Code    34  sx1276regs.o(i.writeRegRssiConfig)
    writeRegRssiThreshold                    0x08002045   Thumb Code    34  sx1276regs.o(i.writeRegRssiThreshold)
    writeRegRxBw                             0x08002067   Thumb Code    34  sx1276regs.o(i.writeRegRxBw)
    writeRegRxConfig                         0x08002089   Thumb Code    34  sx1276regs.o(i.writeRegRxConfig)
    writeRegRxDelay                          0x080020ab   Thumb Code    34  sx1276regs.o(i.writeRegRxDelay)
    writeRegRxTimeout1                       0x080020cd   Thumb Code    34  sx1276regs.o(i.writeRegRxTimeout1)
    writeRegRxTimeout2                       0x080020ef   Thumb Code    34  sx1276regs.o(i.writeRegRxTimeout2)
    writeRegRxTimeout3                       0x08002111   Thumb Code    34  sx1276regs.o(i.writeRegRxTimeout3)
    writeRegSeqConfig1                       0x08002133   Thumb Code    34  sx1276regs.o(i.writeRegSeqConfig1)
    writeRegSeqConfig2                       0x08002155   Thumb Code    34  sx1276regs.o(i.writeRegSeqConfig2)
    writeRegSyncConfig                       0x08002177   Thumb Code    34  sx1276regs.o(i.writeRegSyncConfig)
    writeRegSyncValue1                       0x08002199   Thumb Code    34  sx1276regs.o(i.writeRegSyncValue1)
    writeRegSyncValue2                       0x080021bb   Thumb Code    34  sx1276regs.o(i.writeRegSyncValue2)
    writeRegSyncValue3                       0x080021dd   Thumb Code    34  sx1276regs.o(i.writeRegSyncValue3)
    writeRegSyncValue4                       0x080021ff   Thumb Code    34  sx1276regs.o(i.writeRegSyncValue4)
    writeRegSyncValue5                       0x08002221   Thumb Code    34  sx1276regs.o(i.writeRegSyncValue5)
    writeRegSyncValue6                       0x08002243   Thumb Code    34  sx1276regs.o(i.writeRegSyncValue6)
    writeRegSyncValue7                       0x08002265   Thumb Code    34  sx1276regs.o(i.writeRegSyncValue7)
    writeRegSyncValue8                       0x08002287   Thumb Code    34  sx1276regs.o(i.writeRegSyncValue8)
    writeRegTimer1Coef                       0x080022a9   Thumb Code    34  sx1276regs.o(i.writeRegTimer1Coef)
    writeRegTimer2Coef                       0x080022cb   Thumb Code    34  sx1276regs.o(i.writeRegTimer2Coef)
    writeRegTimerResol                       0x080022ed   Thumb Code    34  sx1276regs.o(i.writeRegTimerResol)
    writeToRegisterSync                      0x08002311   Thumb Code   174  sx1276regs.o(i.writeToRegisterSync)
    Region$$Table$$Base                      0x080023e0   Number         0  anon$$obj.o(Region$$Table)
    Region$$Table$$Limit                     0x08002400   Number         0  anon$$obj.o(Region$$Table)
    __stdout                                 0x20000018   Data           4  main.o(.data)
    __stdin                                  0x2000001c   Data           4  main.o(.data)
    TX_BUF                                   0x20000020   Data          16  main.o(.data)
    i                                        0x20000030   Data           1  main.o(.data)
    Flag                                     0x20000031   Data           1  main.o(.data)
    rx_bytes                                 0x20000032   Data           1  main.o(.data)
    counter                                  0x20000033   Data           1  main.o(.data)
    SystemCoreClock                          0x20000034   Data           4  system_stm32f1xx.o(.data)
    registersConfig                          0x20000038   Data         108  sx1276regs.o(.bss)
    registersConfigWriteErrors               0x200000a4   Data         108  sx1276regs.o(.bss)
    deviceState                              0x20000110   Data          36  sx1276regs.o(.bss)
    buff_LORA_OUT                            0x200012ac   Data          16  main.o(.bss)
    buff_LORA_IN                             0x200012bc   Data          16  main.o(.bss)
    SX1278_State                             0x200012cc   Data          36  main.o(.bss)
    __initial_sp                             0x200016f0   Data           0  startup_stm32f103x6.o(STACK)



==============================================================================

Memory Map of the image

  Image Entry point : 0x080000ed

  Load Region LR_IROM1 (Base: 0x08000000, Size: 0x00002438, Max: 0x00008000, ABSOLUTE)

    Execution Region ER_IROM1 (Exec base: 0x08000000, Load base: 0x08000000, Size: 0x00002400, Max: 0x00008000, ABSOLUTE)

    Exec Addr    Load Addr    Size         Type   Attr      Idx    E Section Name        Object

    0x08000000   0x08000000   0x000000ec   Data   RO            3    RESET               startup_stm32f103x6.o
    0x080000ec   0x080000ec   0x00000000   Code   RO         2443  * .ARM.Collect$$$$00000000  mc_w.l(entry.o)
    0x080000ec   0x080000ec   0x00000004   Code   RO         2720    .ARM.Collect$$$$00000001  mc_w.l(entry2.o)
    0x080000f0   0x080000f0   0x00000004   Code   RO         2723    .ARM.Collect$$$$00000004  mc_w.l(entry5.o)
    0x080000f4   0x080000f4   0x00000000   Code   RO         2725    .ARM.Collect$$$$00000008  mc_w.l(entry7b.o)
    0x080000f4   0x080000f4   0x00000000   Code   RO         2727    .ARM.Collect$$$$0000000A  mc_w.l(entry8b.o)
    0x080000f4   0x080000f4   0x00000008   Code   RO         2728    .ARM.Collect$$$$0000000B  mc_w.l(entry9a.o)
    0x080000fc   0x080000fc   0x00000000   Code   RO         2730    .ARM.Collect$$$$0000000D  mc_w.l(entry10a.o)
    0x080000fc   0x080000fc   0x00000000   Code   RO         2732    .ARM.Collect$$$$0000000F  mc_w.l(entry11a.o)
    0x080000fc   0x080000fc   0x00000004   Code   RO         2721    .ARM.Collect$$$$00002712  mc_w.l(entry2.o)
    0x08000100   0x08000100   0x00000024   Code   RO            4    .text               startup_stm32f103x6.o
    0x08000124   0x08000124   0x00000024   Code   RO         2446    .text               mc_w.l(memcpya.o)
    0x08000148   0x08000148   0x00000024   Code   RO         2448    .text               mc_w.l(memseta.o)
    0x0800016c   0x0800016c   0x00000064   Code   RO         2712    .text               mf_w.l(fmul.o)
    0x080001d0   0x080001d0   0x0000007c   Code   RO         2714    .text               mf_w.l(fdiv.o)
    0x0800024c   0x0800024c   0x0000000a   Code   RO         2716    .text               mf_w.l(ffltui.o)
    0x08000256   0x08000256   0x00000028   Code   RO         2718    .text               mf_w.l(ffixui.o)
    0x0800027e   0x0800027e   0x00000000   Code   RO         2738    .text               mc_w.l(iusefp.o)
    0x0800027e   0x0800027e   0x0000006e   Code   RO         2739    .text               mf_w.l(fepilogue.o)
    0x080002ec   0x080002ec   0x00000024   Code   RO         2751    .text               mc_w.l(init.o)
    0x08000310   0x08000310   0x00000004   Code   RO         1879    i.BusFault_Handler  stm32f1xx_it.o
    0x08000314   0x08000314   0x00000002   Code   RO         1880    i.DMA1_Channel2_IRQHandler  stm32f1xx_it.o
    0x08000316   0x08000316   0x00000002   PAD
    0x08000318   0x08000318   0x0000004c   Code   RO         1881    i.DMA1_Channel3_IRQHandler  stm32f1xx_it.o
    0x08000364   0x08000364   0x000000d0   Code   RO         1726    i.DMA_USER_INIT     dma.o
    0x08000434   0x08000434   0x00000002   Code   RO         1882    i.DebugMon_Handler  stm32f1xx_it.o
    0x08000436   0x08000436   0x00000002   PAD
    0x08000438   0x08000438   0x00000038   Code   RO         1883    i.EXTI0_IRQHandler  stm32f1xx_it.o
    0x08000470   0x08000470   0x00000012   Code   RO         1884    i.EXTI1_IRQHandler  stm32f1xx_it.o
    0x08000482   0x08000482   0x00000002   Code   RO         1574    i.Error_Handler     main.o
    0x08000484   0x08000484   0x00000004   Code   RO         1885    i.HardFault_Handler  stm32f1xx_it.o
    0x08000488   0x08000488   0x0000001c   Code   RO         1650    i.LL_APB2_GRP1_EnableClock  gpio.o
    0x080004a4   0x080004a4   0x0000001c   Code   RO         1801    i.LL_APB2_GRP1_EnableClock  spi.o
    0x080004c0   0x080004c0   0x0000001c   Code   RO         1727    i.LL_DMA_DisableChannel  dma.o
    0x080004dc   0x080004dc   0x0000001c   Code   RO         1728    i.LL_DMA_EnableIT_TC  dma.o
    0x080004f8   0x080004f8   0x00000020   Code   RO         1802    i.LL_DMA_SetChannelPriorityLevel  spi.o
    0x08000518   0x08000518   0x00000020   Code   RO         1803    i.LL_DMA_SetDataTransferDirection  spi.o
    0x08000538   0x08000538   0x00000020   Code   RO         1804    i.LL_DMA_SetMemoryIncMode  spi.o
    0x08000558   0x08000558   0x00000020   Code   RO         1805    i.LL_DMA_SetMemorySize  spi.o
    0x08000578   0x08000578   0x00000020   Code   RO         1806    i.LL_DMA_SetMode    spi.o
    0x08000598   0x08000598   0x00000020   Code   RO         1807    i.LL_DMA_SetPeriphIncMode  spi.o
    0x080005b8   0x080005b8   0x00000020   Code   RO         1808    i.LL_DMA_SetPeriphSize  spi.o
    0x080005d8   0x080005d8   0x0000000c   Code   RO         1886    i.LL_EXTI_ClearFlag_0_31  stm32f1xx_it.o
    0x080005e4   0x080005e4   0x00000010   Code   RO         2314    i.LL_EXTI_DisableEvent_0_31  stm32f1xx_ll_exti.o
    0x080005f4   0x080005f4   0x00000010   Code   RO         2315    i.LL_EXTI_DisableIT_0_31  stm32f1xx_ll_exti.o
    0x08000604   0x08000604   0x00000010   Code   RO         2316    i.LL_EXTI_EnableEvent_0_31  stm32f1xx_ll_exti.o
    0x08000614   0x08000614   0x00000010   Code   RO         2317    i.LL_EXTI_EnableFallingTrig_0_31  stm32f1xx_ll_exti.o
    0x08000624   0x08000624   0x00000010   Code   RO         2318    i.LL_EXTI_EnableIT_0_31  stm32f1xx_ll_exti.o
    0x08000634   0x08000634   0x00000010   Code   RO         2319    i.LL_EXTI_EnableRisingTrig_0_31  stm32f1xx_ll_exti.o
    0x08000644   0x08000644   0x000000bc   Code   RO         2320    i.LL_EXTI_Init      stm32f1xx_ll_exti.o
    0x08000700   0x08000700   0x00000018   Code   RO         1887    i.LL_EXTI_IsActiveFlag_0_31  stm32f1xx_it.o
    0x08000718   0x08000718   0x0000002c   Code   RO         1651    i.LL_GPIO_AF_SetEXTISource  gpio.o
    0x08000744   0x08000744   0x00000128   Code   RO         2004    i.LL_GPIO_Init      stm32f1xx_ll_gpio.o
    0x0800086c   0x0800086c   0x00000008   Code   RO           13    i.LL_GPIO_ResetOutputPin  sx1276regs.o
    0x08000874   0x08000874   0x00000008   Code   RO         1652    i.LL_GPIO_ResetOutputPin  gpio.o
    0x0800087c   0x0800087c   0x00000008   Code   RO           14    i.LL_GPIO_SetOutputPin  sx1276regs.o
    0x08000884   0x08000884   0x00000008   Code   RO         1888    i.LL_GPIO_SetOutputPin  stm32f1xx_it.o
    0x0800088c   0x0800088c   0x0000002c   Code   RO         1653    i.LL_GPIO_SetPinMode  gpio.o
    0x080008b8   0x080008b8   0x0000001c   Code   RO         2213    i.LL_Init1msTick    stm32f1xx_ll_utils.o
    0x080008d4   0x080008d4   0x00000064   Code   RO         2095    i.LL_SPI_Init       stm32f1xx_ll_spi.o
    0x08000938   0x08000938   0x0000000c   Code   RO         2221    i.LL_SetSystemCoreClock  stm32f1xx_ll_utils.o
    0x08000944   0x08000944   0x00000028   Code   RO         2222    i.LL_mDelay         stm32f1xx_ll_utils.o
    0x0800096c   0x0800096c   0x0000005c   Code   RO         1729    i.MX_DMA_Init       dma.o
    0x080009c8   0x080009c8   0x0000011c   Code   RO         1654    i.MX_GPIO_Init      gpio.o
    0x08000ae4   0x08000ae4   0x00000118   Code   RO         1809    i.MX_SPI1_Init      spi.o
    0x08000bfc   0x08000bfc   0x00000004   Code   RO         1889    i.MemManage_Handler  stm32f1xx_it.o
    0x08000c00   0x08000c00   0x00000002   Code   RO         1890    i.NMI_Handler       stm32f1xx_it.o
    0x08000c02   0x08000c02   0x00000040   Code   RO         1655    i.NVIC_EncodePriority  gpio.o
    0x08000c42   0x08000c42   0x00000040   Code   RO         1730    i.NVIC_EncodePriority  dma.o
    0x08000c82   0x08000c82   0x00000002   Code   RO         1891    i.PendSV_Handler    stm32f1xx_it.o
    0x08000c84   0x08000c84   0x00000018   Code   RO         1810    i.SPI1_USER_INIT    spi.o
    0x08000c9c   0x08000c9c   0x000000b8   Code   RO           15    i.SPI_dma_request_read_write  sx1276regs.o
    0x08000d54   0x08000d54   0x00000002   Code   RO         1892    i.SVC_Handler       stm32f1xx_it.o
    0x08000d56   0x08000d56   0x00000002   PAD
    0x08000d58   0x08000d58   0x00000660   Code   RO           18    i.SX1276_77_78_79_LORA_Init  sx1276regs.o
    0x080013b8   0x080013b8   0x00000028   Code   RO           19    i.SX1276_77_78_79_Reset  sx1276regs.o
    0x080013e0   0x080013e0   0x0000006c   Code   RO           47    i.SX1276_77_78_79_sendData  sx1276regs.o
    0x0800144c   0x0800144c   0x0000001c   Code   RO           48    i.SX1276_77_78_79_setMode  sx1276regs.o
    0x08001468   0x08001468   0x00000034   Code   RO           50    i.SX1276_77_78_79_writeDIOMapping  sx1276regs.o
    0x0800149c   0x0800149c   0x0000003c   Code   RO           51    i.SX1276_77_78_79_writeFifo  sx1276regs.o
    0x080014d8   0x080014d8   0x00000030   Code   RO           53    i.SX1276_77_78_79_writeFifoPtrAddr_L  sx1276regs.o
    0x08001508   0x08001508   0x00000090   Code   RO           63    i.SX1276_77_78_79_writeOpMode  sx1276regs.o
    0x08001598   0x08001598   0x00000002   Code   RO         1893    i.SysTick_Handler   stm32f1xx_it.o
    0x0800159a   0x0800159a   0x00000002   PAD
    0x0800159c   0x0800159c   0x000000f0   Code   RO         1575    i.SystemClock_Config  main.o
    0x0800168c   0x0800168c   0x00000002   Code   RO         2410    i.SystemInit        system_stm32f1xx.o
    0x0800168e   0x0800168e   0x00000004   Code   RO         1894    i.UsageFault_Handler  stm32f1xx_it.o
    0x08001692   0x08001692   0x00000002   PAD
    0x08001694   0x08001694   0x00000010   Code   RO         2453    i.__0printf$bare    mc_w.l(printfb.o)
    0x080016a4   0x080016a4   0x0000001a   Code   RO         1656    i.__NVIC_EnableIRQ  gpio.o
    0x080016be   0x080016be   0x0000001a   Code   RO         1731    i.__NVIC_EnableIRQ  dma.o
    0x080016d8   0x080016d8   0x00000010   Code   RO         1657    i.__NVIC_GetPriorityGrouping  gpio.o
    0x080016e8   0x080016e8   0x00000010   Code   RO         1732    i.__NVIC_GetPriorityGrouping  dma.o
    0x080016f8   0x080016f8   0x00000028   Code   RO         1658    i.__NVIC_SetPriority  gpio.o
    0x08001720   0x08001720   0x00000028   Code   RO         1733    i.__NVIC_SetPriority  dma.o
    0x08001748   0x08001748   0x0000000e   Code   RO         2763    i.__scatterload_copy  mc_w.l(handlers.o)
    0x08001756   0x08001756   0x00000002   Code   RO         2764    i.__scatterload_null  mc_w.l(handlers.o)
    0x08001758   0x08001758   0x0000000e   Code   RO         2765    i.__scatterload_zeroinit  mc_w.l(handlers.o)
    0x08001766   0x08001766   0x00000022   Code   RO         2460    i._printf_core      mc_w.l(printfb.o)
    0x08001788   0x08001788   0x00000006   Code   RO           67    i.calculate_time_on_air_for_LoRa_ms  sx1276regs.o
    0x0800178e   0x0800178e   0x00000002   PAD
    0x08001790   0x08001790   0x00000024   Code   RO         1576    i.fputc             main.o
    0x080017b4   0x080017b4   0x000000e8   Code   RO         1577    i.main              main.o
    0x0800189c   0x0800189c   0x000000b0   Code   RO           69    i.readFromRegisterSync  sx1276regs.o
    0x0800194c   0x0800194c   0x00000010   Code   RO          125    i.readRegOpMode     sx1276regs.o
    0x0800195c   0x0800195c   0x00000022   Code   RO          165    i.writeLoRaRegDetectOptimize  sx1276regs.o
    0x0800197e   0x0800197e   0x00000022   Code   RO          166    i.writeLoRaRegDetectionThreshold  sx1276regs.o
    0x080019a0   0x080019a0   0x00000022   Code   RO          167    i.writeLoRaRegFifoAddrPtr  sx1276regs.o
    0x080019c2   0x080019c2   0x00000022   Code   RO          168    i.writeLoRaRegFifoRxBaseAddr  sx1276regs.o
    0x080019e4   0x080019e4   0x00000022   Code   RO          169    i.writeLoRaRegFifoTxBaseAddr  sx1276regs.o
    0x08001a06   0x08001a06   0x00000022   Code   RO          170    i.writeLoRaRegFreqHoppingPeriod  sx1276regs.o
    0x08001a28   0x08001a28   0x00000022   Code   RO          171    i.writeLoRaRegHighBWOptimize1  sx1276regs.o
    0x08001a4a   0x08001a4a   0x00000022   Code   RO          175    i.writeLoRaRegIrqFlagsMask  sx1276regs.o
    0x08001a6c   0x08001a6c   0x00000022   Code   RO          176    i.writeLoRaRegLfFreq1  sx1276regs.o
    0x08001a8e   0x08001a8e   0x00000022   Code   RO          177    i.writeLoRaRegLfFreq2  sx1276regs.o
    0x08001ab0   0x08001ab0   0x00000022   Code   RO          178    i.writeLoRaRegModemConfig1  sx1276regs.o
    0x08001ad2   0x08001ad2   0x00000022   Code   RO          179    i.writeLoRaRegModemConfig2  sx1276regs.o
    0x08001af4   0x08001af4   0x00000022   Code   RO          180    i.writeLoRaRegModemConfig3  sx1276regs.o
    0x08001b16   0x08001b16   0x00000022   Code   RO          181    i.writeLoRaRegPayloadLength  sx1276regs.o
    0x08001b38   0x08001b38   0x00000022   Code   RO          182    i.writeLoRaRegPayloadMaxLength  sx1276regs.o
    0x08001b5a   0x08001b5a   0x00000022   Code   RO          183    i.writeLoRaRegPreambleLengthLsb  sx1276regs.o
    0x08001b7c   0x08001b7c   0x00000022   Code   RO          184    i.writeLoRaRegPreambleLengthMsb  sx1276regs.o
    0x08001b9e   0x08001b9e   0x00000022   Code   RO          185    i.writeLoRaRegSymbolTimeoutLsb  sx1276regs.o
    0x08001bc0   0x08001bc0   0x00000022   Code   RO          186    i.writeLoRaRegSyncWord  sx1276regs.o
    0x08001be2   0x08001be2   0x00000022   Code   RO          187    i.writeRegAfcBw     sx1276regs.o
    0x08001c04   0x08001c04   0x00000022   Code   RO          188    i.writeRegAfcFei    sx1276regs.o
    0x08001c26   0x08001c26   0x00000022   Code   RO          189    i.writeRegAfcLsb    sx1276regs.o
    0x08001c48   0x08001c48   0x00000022   Code   RO          190    i.writeRegAfcMsb    sx1276regs.o
    0x08001c6a   0x08001c6a   0x00000022   Code   RO          198    i.writeRegBroadcastAdrs  sx1276regs.o
    0x08001c8c   0x08001c8c   0x00000022   Code   RO          199    i.writeRegDioMapping1  sx1276regs.o
    0x08001cae   0x08001cae   0x00000022   Code   RO          200    i.writeRegDioMapping2  sx1276regs.o
    0x08001cd0   0x08001cd0   0x00000022   Code   RO          203    i.writeRegFeiLsb    sx1276regs.o
    0x08001cf2   0x08001cf2   0x00000022   Code   RO          204    i.writeRegFeiMsb    sx1276regs.o
    0x08001d14   0x08001d14   0x00000022   Code   RO          205    i.writeRegFifoThresh  sx1276regs.o
    0x08001d36   0x08001d36   0x00000022   Code   RO          206    i.writeRegFrfLsb    sx1276regs.o
    0x08001d58   0x08001d58   0x00000022   Code   RO          207    i.writeRegFrfMid    sx1276regs.o
    0x08001d7a   0x08001d7a   0x00000022   Code   RO          208    i.writeRegFrfMsb    sx1276regs.o
    0x08001d9c   0x08001d9c   0x00000022   Code   RO          209    i.writeRegImageCal  sx1276regs.o
    0x08001dbe   0x08001dbe   0x00000022   Code   RO          212    i.writeRegLna       sx1276regs.o
    0x08001de0   0x08001de0   0x00000022   Code   RO          213    i.writeRegLowBat    sx1276regs.o
    0x08001e02   0x08001e02   0x00000022   Code   RO          214    i.writeRegNodeAdrs  sx1276regs.o
    0x08001e24   0x08001e24   0x00000022   Code   RO          215    i.writeRegOcp       sx1276regs.o
    0x08001e46   0x08001e46   0x00000022   Code   RO          216    i.writeRegOokAvg    sx1276regs.o
    0x08001e68   0x08001e68   0x00000022   Code   RO          217    i.writeRegOokFix    sx1276regs.o
    0x08001e8a   0x08001e8a   0x00000022   Code   RO          218    i.writeRegOokPeak   sx1276regs.o
    0x08001eac   0x08001eac   0x00000022   Code   RO          219    i.writeRegOpMode    sx1276regs.o
    0x08001ece   0x08001ece   0x00000022   Code   RO          220    i.writeRegOsc       sx1276regs.o
    0x08001ef0   0x08001ef0   0x00000022   Code   RO          221    i.writeRegPaConfig  sx1276regs.o
    0x08001f12   0x08001f12   0x00000022   Code   RO          223    i.writeRegPaRamp    sx1276regs.o
    0x08001f34   0x08001f34   0x00000022   Code   RO          224    i.writeRegPacketConfig1  sx1276regs.o
    0x08001f56   0x08001f56   0x00000022   Code   RO          225    i.writeRegPacketConfig2  sx1276regs.o
    0x08001f78   0x08001f78   0x00000022   Code   RO          226    i.writeRegPayloadLength  sx1276regs.o
    0x08001f9a   0x08001f9a   0x00000022   Code   RO          229    i.writeRegPreambleDetect  sx1276regs.o
    0x08001fbc   0x08001fbc   0x00000022   Code   RO          230    i.writeRegPreambleLsb  sx1276regs.o
    0x08001fde   0x08001fde   0x00000022   Code   RO          231    i.writeRegPreambleMsb  sx1276regs.o
    0x08002000   0x08002000   0x00000022   Code   RO          232    i.writeRegRssiCollision  sx1276regs.o
    0x08002022   0x08002022   0x00000022   Code   RO          233    i.writeRegRssiConfig  sx1276regs.o
    0x08002044   0x08002044   0x00000022   Code   RO          234    i.writeRegRssiThreshold  sx1276regs.o
    0x08002066   0x08002066   0x00000022   Code   RO          236    i.writeRegRxBw      sx1276regs.o
    0x08002088   0x08002088   0x00000022   Code   RO          237    i.writeRegRxConfig  sx1276regs.o
    0x080020aa   0x080020aa   0x00000022   Code   RO          238    i.writeRegRxDelay   sx1276regs.o
    0x080020cc   0x080020cc   0x00000022   Code   RO          239    i.writeRegRxTimeout1  sx1276regs.o
    0x080020ee   0x080020ee   0x00000022   Code   RO          240    i.writeRegRxTimeout2  sx1276regs.o
    0x08002110   0x08002110   0x00000022   Code   RO          241    i.writeRegRxTimeout3  sx1276regs.o
    0x08002132   0x08002132   0x00000022   Code   RO          242    i.writeRegSeqConfig1  sx1276regs.o
    0x08002154   0x08002154   0x00000022   Code   RO          243    i.writeRegSeqConfig2  sx1276regs.o
    0x08002176   0x08002176   0x00000022   Code   RO          244    i.writeRegSyncConfig  sx1276regs.o
    0x08002198   0x08002198   0x00000022   Code   RO          245    i.writeRegSyncValue1  sx1276regs.o
    0x080021ba   0x080021ba   0x00000022   Code   RO          246    i.writeRegSyncValue2  sx1276regs.o
    0x080021dc   0x080021dc   0x00000022   Code   RO          247    i.writeRegSyncValue3  sx1276regs.o
    0x080021fe   0x080021fe   0x00000022   Code   RO          248    i.writeRegSyncValue4  sx1276regs.o
    0x08002220   0x08002220   0x00000022   Code   RO          249    i.writeRegSyncValue5  sx1276regs.o
    0x08002242   0x08002242   0x00000022   Code   RO          250    i.writeRegSyncValue6  sx1276regs.o
    0x08002264   0x08002264   0x00000022   Code   RO          251    i.writeRegSyncValue7  sx1276regs.o
    0x08002286   0x08002286   0x00000022   Code   RO          252    i.writeRegSyncValue8  sx1276regs.o
    0x080022a8   0x080022a8   0x00000022   Code   RO          254    i.writeRegTimer1Coef  sx1276regs.o
    0x080022ca   0x080022ca   0x00000022   Code   RO          255    i.writeRegTimer2Coef  sx1276regs.o
    0x080022ec   0x080022ec   0x00000022   Code   RO          256    i.writeRegTimerResol  sx1276regs.o
    0x0800230e   0x0800230e   0x00000002   PAD
    0x08002310   0x08002310   0x000000b8   Code   RO          257    i.writeToRegisterSync  sx1276regs.o
    0x080023c8   0x080023c8   0x00000007   Data   RO         1734    .constdata          dma.o
    0x080023cf   0x080023cf   0x00000007   Data   RO         1811    .constdata          spi.o
    0x080023d6   0x080023d6   0x00000007   Data   RO         1895    .constdata          stm32f1xx_it.o
    0x080023dd   0x080023dd   0x00000003   PAD
    0x080023e0   0x080023e0   0x00000020   Data   RO         2761    Region$$Table       anon$$obj.o


    Execution Region RW_IRAM1 (Exec base: 0x20000000, Load base: 0x08002400, Size: 0x000016f0, Max: 0x00002800, ABSOLUTE)

    Exec Addr    Load Addr    Size         Type   Attr      Idx    E Section Name        Object

    0x20000000   0x08002400   0x00000018   Data   RW          260    .data               sx1276regs.o
    0x20000018   0x08002418   0x0000001c   Data   RW         1580    .data               main.o
    0x20000034   0x08002434   0x00000004   Data   RW         2412    .data               system_stm32f1xx.o
    0x20000038        -       0x00001274   Zero   RW          258    .bss                sx1276regs.o
    0x200012ac        -       0x00000044   Zero   RW         1578    .bss                main.o
    0x200012f0        -       0x00000400   Zero   RW            1    STACK               startup_stm32f103x6.o


==============================================================================

Image component sizes


      Code (inc. data)   RO Data    RW Data    ZI Data      Debug   Object Name

       502         42          7          0          0      31518   dma.o
       554         34          0          0          0      39698   gpio.o
       510         54          0         28         68      51772   main.o
       556         62          7          0          0      21776   spi.o
        36          8        236          0       1024        804   startup_stm32f103x6.o
       222         34          7          0          0      21326   stm32f1xx_it.o
       284         28          0          0          0       7187   stm32f1xx_ll_exti.o
       296          0          0          0          0      10275   stm32f1xx_ll_gpio.o
       100          0          0          0          0       8506   stm32f1xx_ll_spi.o
        80          6          0          0          0       5461   stm32f1xx_ll_utils.o
      5176        116          0         24       4724     421316   sx1276regs.o
         2          0          0          4          0       1099   system_stm32f1xx.o

    ----------------------------------------------------------------------
      8332        384        292         56       5816     620738   Object Totals
         0          0         32          0          0          0   (incl. Generated)
        14          0          3          0          0          0   (incl. Padding)

    ----------------------------------------------------------------------

      Code (inc. data)   RO Data    RW Data    ZI Data      Debug   Library Member Name

         0          0          0          0          0          0   entry.o
         0          0          0          0          0          0   entry10a.o
         0          0          0          0          0          0   entry11a.o
         8          4          0          0          0          0   entry2.o
         4          0          0          0          0          0   entry5.o
         0          0          0          0          0          0   entry7b.o
         0          0          0          0          0          0   entry8b.o
         8          4          0          0          0          0   entry9a.o
        30          0          0          0          0          0   handlers.o
        36          8          0          0          0         68   init.o
         0          0          0          0          0          0   iusefp.o
        36          0          0          0          0         68   memcpya.o
        36          0          0          0          0        108   memseta.o
        50          8          0          0          0        152   printfb.o
       124          0          0          0          0         88   fdiv.o
       110          0          0          0          0        168   fepilogue.o
        40          0          0          0          0         68   ffixui.o
        10          0          0          0          0         68   ffltui.o
       100          0          0          0          0         76   fmul.o

    ----------------------------------------------------------------------
       592         24          0          0          0        864   Library Totals
         0          0          0          0          0          0   (incl. Padding)

    ----------------------------------------------------------------------

      Code (inc. data)   RO Data    RW Data    ZI Data      Debug   Library Name

       208         24          0          0          0        396   mc_w.l
       384          0          0          0          0        468   mf_w.l

    ----------------------------------------------------------------------
       592         24          0          0          0        864   Library Totals

    ----------------------------------------------------------------------

==============================================================================


      Code (inc. data)   RO Data    RW Data    ZI Data      Debug   

      8924        408        292         56       5816     613850   Grand Totals
      8924        408        292         56       5816     613850   ELF Image Totals
      8924        408        292         56          0          0   ROM Totals

==============================================================================

    Total RO  Size (Code + RO Data)                 9216 (   9.00kB)
    Total RW  Size (RW Data + ZI Data)              5872 (   5.73kB)
    Total ROM Size (Code + RO Data + RW Data)       9272 (   9.05kB)

==============================================================================

