<html>
<body>
<pre>
<h1>µVision Build Log</h1>
<h2>Tool Versions:</h2>
IDE-Version: µVision V5.24.2.0
Copyright (C) 2017 ARM Ltd and ARM Germany GmbH. All rights reserved.
License Information: ó ó, ó, LIC=Y2B45-GSHY5-79QG1-CD86R-5WIZ5-LI2TX
 
Tool Versions:
Toolchain:       MDK-ARM Professional  Version: 5.24.1
Toolchain Path:  C:\Keil_v5\ARM\ARMCC\Bin
C Compiler:      Armcc.exe V5.06 update 5 (build 528)
Assembler:       Armasm.exe V5.06 update 5 (build 528)
Linker/Locator:  ArmLink.exe V5.06 update 5 (build 528)
Library Manager: ArmAr.exe V5.06 update 5 (build 528)
Hex Converter:   FromElf.exe V5.06 update 5 (build 528)
CPU DLL:         SARMCM3.DLL V5.24.1
Dialog DLL:      DCM.DLL V1.16.0.0
Target DLL:      STLink\ST-LINKIII-KEIL_SWO.dll V3.0.1.0
Dialog DLL:      TCM.DLL V1.32.0.0
 
<h2>Project:</h2>
C:\Users\mars\Desktop\Loro 1Wt\sx1276_chip\SX1276_CHIP\MDK-ARM\sx1276_chip.uvprojx
Project File Date:  03/16/2022

<h2>Output:</h2>
*** Using Compiler 'V5.06 update 5 (build 528)', folder: 'C:\Keil_v5\ARM\ARMCC\Bin'
Rebuild target 'sx1276_chip'
assembling startup_stm32f103x6.s...
compiling system_stm32f1xx.c...
compiling stm32f1xx_ll_utils.c...
compiling stm32f1xx_ll_exti.c...
compiling stm32f1xx_ll_pwr.c...
compiling stm32f1xx_ll_spi.c...
compiling stm32f1xx_ll_gpio.c...
compiling stm32f1xx_ll_rcc.c...
compiling stm32f1xx_ll_dma.c...
compiling spi.c...
compiling gpio.c...
compiling stm32f1xx_it.c...
compiling dma.c...
compiling main.c...
compiling sx1276Regs.c...
..\Src\sx1276Regs.c(469): warning:  #223-D: function "memcpy" declared implicitly
  	memcpy(writeFifoReq.writeData + 1, data, size);
..\Src\sx1276Regs.c(535): warning:  #550-D: variable "temp"  was set but never used
  	uint8_t temp;
..\Src\sx1276Regs.c(571): warning:  #550-D: variable "size"  was set but never used
  	uint8_t size;
..\Src\sx1276Regs.c(2499): warning:  #223-D: function "memcpy" declared implicitly
  							memcpy(fifoReadPtr, req->readData + 1, deviceState.PacketPayloadSize);
..\Src\sx1276Regs.c(2554): warning:  #223-D: function "memcpy" declared implicitly
  							memcpy(fifoReadPtr, req->readData + 1, deviceState.PacketPayloadSize); //if no errors PacketPayloadSize = LoraRxBytesNbLast
..\Src\sx1276Regs.c(2607): warning:  #550-D: variable "size"  was set but never used
  	uint8_t  size;
..\Src\sx1276Regs.c(22): warning:  #177-D: variable "rwqueue_rdptr"  was declared but never referenced
  static SPI_dma_req **rwqueue_rdptr = rwqueue;
..\Src\sx1276Regs.c(52): warning:  #177-D: variable "delayTime"  was declared but never referenced
  static uint32_t delayTime = 0;
..\Src\sx1276Regs.c: 8 warnings, 0 errors
linking...
Program Size: Code=8924 RO-data=292 RW-data=56 ZI-data=5816  
FromELF: creating hex file...
"sx1276_chip\sx1276_chip.axf" - 0 Error(s), 8 Warning(s).

<h2>Software Packages used:</h2>

Package Vendor: ARM
                http://www.keil.com/pack/ARM.CMSIS.5.6.0.pack
                ARM.CMSIS.5.6.0
                CMSIS (Cortex Microcontroller Software Interface Standard)
   * Component: CORE Version: 5.3.0

Package Vendor: Keil
                http://www.keil.com/pack/Keil.STM32F1xx_DFP.2.3.0.pack
                Keil.STM32F1xx_DFP.2.3.0
                STMicroelectronics STM32F1 Series Device Support, Drivers and Examples

<h2>Collection of Component include folders:</h2>
  .\RTE\_sx1276_chip
  C:\Keil_v5\ARM\PACK\ARM\CMSIS\5.6.0\CMSIS\Core\Include
  C:\Keil_v5\ARM\PACK\Keil\STM32F1xx_DFP\2.3.0\Device\Include

<h2>Collection of Component Files used:</h2>

   * Component: ARM::CMSIS:CORE:5.3.0
Build Time Elapsed:  00:00:03
</pre>
</body>
</html>
